Archive member included to satisfy reference by file (symbol)

.\CortexM3\ARM_GCC_541\Debug\Game Piece Movement System.a(PWM_1.o)
                              .\CortexM3\ARM_GCC_541\Debug\main.o (PWM_1_Enable)
.\CortexM3\ARM_GCC_541\Debug\Game Piece Movement System.a(PWM_2.o)
                              .\CortexM3\ARM_GCC_541\Debug\main.o (PWM_2_Enable)
.\CortexM3\ARM_GCC_541\Debug\Game Piece Movement System.a(PWM_3.o)
                              .\CortexM3\ARM_GCC_541\Debug\main.o (PWM_3_Enable)
.\CortexM3\ARM_GCC_541\Debug\Game Piece Movement System.a(PWM_4.o)
                              .\CortexM3\ARM_GCC_541\Debug\main.o (PWM_4_WriteCompare)
.\CortexM3\ARM_GCC_541\Debug\Game Piece Movement System.a(CyLib.o)
                              .\CortexM3\ARM_GCC_541\Debug\Cm3Start.o (CyHalt)
.\CortexM3\ARM_GCC_541\Debug\Game Piece Movement System.a(cyPm.o)
                              .\CortexM3\ARM_GCC_541\Debug\Game Piece Movement System.a(CyLib.o) (CyPmReadStatus)
.\CortexM3\ARM_GCC_541\Debug\Game Piece Movement System.a(SPI.o)
                              .\CortexM3\ARM_GCC_541\Debug\main.o (SPI_Start)
.\CortexM3\ARM_GCC_541\Debug\Game Piece Movement System.a(UART_1.o)
                              .\CortexM3\ARM_GCC_541\Debug\main.o (UART_1_Start)
.\CortexM3\ARM_GCC_541\Debug\Game Piece Movement System.a(UART_1_IntClock.o)
                              .\CortexM3\ARM_GCC_541\Debug\Game Piece Movement System.a(UART_1.o) (UART_1_IntClock_Start)
.\CortexM3\ARM_GCC_541\Debug\Game Piece Movement System.a(CyBootAsmGnu.o)
                              .\CortexM3\ARM_GCC_541\Debug\cyfitter_cfg.o (CyDelayCycles)
.\CortexM3\ARM_GCC_541\Debug\Game Piece Movement System.a(CyFlash.o)
                              .\CortexM3\ARM_GCC_541\Debug\Game Piece Movement System.a(cyPm.o) (CyFlash_SetWaitCycles)
.\CortexM3\ARM_GCC_541\Debug\Game Piece Movement System.a(CySpc.o)
                              .\CortexM3\ARM_GCC_541\Debug\Game Piece Movement System.a(CyFlash.o) (CySpcStart)
c:/program files (x86)/cypress/psoc creator/4.4/psoc creator/import/gnu/arm/5.4.1/bin/../lib/gcc/arm-none-eabi/5.4.1/../../../../arm-none-eabi/lib/armv7-m\libm.a(lib_a-s_cos.o)
                              .\CortexM3\ARM_GCC_541\Debug\main.o (cos)
c:/program files (x86)/cypress/psoc creator/4.4/psoc creator/import/gnu/arm/5.4.1/bin/../lib/gcc/arm-none-eabi/5.4.1/../../../../arm-none-eabi/lib/armv7-m\libm.a(lib_a-s_round.o)
                              .\CortexM3\ARM_GCC_541\Debug\main.o (round)
c:/program files (x86)/cypress/psoc creator/4.4/psoc creator/import/gnu/arm/5.4.1/bin/../lib/gcc/arm-none-eabi/5.4.1/../../../../arm-none-eabi/lib/armv7-m\libm.a(lib_a-s_sin.o)
                              .\CortexM3\ARM_GCC_541\Debug\main.o (sin)
c:/program files (x86)/cypress/psoc creator/4.4/psoc creator/import/gnu/arm/5.4.1/bin/../lib/gcc/arm-none-eabi/5.4.1/../../../../arm-none-eabi/lib/armv7-m\libm.a(lib_a-s_tan.o)
                              .\CortexM3\ARM_GCC_541\Debug\main.o (tan)
c:/program files (x86)/cypress/psoc creator/4.4/psoc creator/import/gnu/arm/5.4.1/bin/../lib/gcc/arm-none-eabi/5.4.1/../../../../arm-none-eabi/lib/armv7-m\libm.a(lib_a-w_acos.o)
                              .\CortexM3\ARM_GCC_541\Debug\main.o (acos)
c:/program files (x86)/cypress/psoc creator/4.4/psoc creator/import/gnu/arm/5.4.1/bin/../lib/gcc/arm-none-eabi/5.4.1/../../../../arm-none-eabi/lib/armv7-m\libm.a(lib_a-w_atan2.o)
                              .\CortexM3\ARM_GCC_541\Debug\main.o (atan2)
c:/program files (x86)/cypress/psoc creator/4.4/psoc creator/import/gnu/arm/5.4.1/bin/../lib/gcc/arm-none-eabi/5.4.1/../../../../arm-none-eabi/lib/armv7-m\libm.a(lib_a-w_sqrt.o)
                              .\CortexM3\ARM_GCC_541\Debug\main.o (sqrt)
c:/program files (x86)/cypress/psoc creator/4.4/psoc creator/import/gnu/arm/5.4.1/bin/../lib/gcc/arm-none-eabi/5.4.1/../../../../arm-none-eabi/lib/armv7-m\libm.a(lib_a-e_acos.o)
                              c:/program files (x86)/cypress/psoc creator/4.4/psoc creator/import/gnu/arm/5.4.1/bin/../lib/gcc/arm-none-eabi/5.4.1/../../../../arm-none-eabi/lib/armv7-m\libm.a(lib_a-w_acos.o) (__ieee754_acos)
c:/program files (x86)/cypress/psoc creator/4.4/psoc creator/import/gnu/arm/5.4.1/bin/../lib/gcc/arm-none-eabi/5.4.1/../../../../arm-none-eabi/lib/armv7-m\libm.a(lib_a-e_atan2.o)
                              c:/program files (x86)/cypress/psoc creator/4.4/psoc creator/import/gnu/arm/5.4.1/bin/../lib/gcc/arm-none-eabi/5.4.1/../../../../arm-none-eabi/lib/armv7-m\libm.a(lib_a-w_atan2.o) (__ieee754_atan2)
c:/program files (x86)/cypress/psoc creator/4.4/psoc creator/import/gnu/arm/5.4.1/bin/../lib/gcc/arm-none-eabi/5.4.1/../../../../arm-none-eabi/lib/armv7-m\libm.a(lib_a-e_rem_pio2.o)
                              c:/program files (x86)/cypress/psoc creator/4.4/psoc creator/import/gnu/arm/5.4.1/bin/../lib/gcc/arm-none-eabi/5.4.1/../../../../arm-none-eabi/lib/armv7-m\libm.a(lib_a-s_cos.o) (__ieee754_rem_pio2)
[...]
Memory Configuration

Name             Origin             Length             Attributes
rom              0x00000000         0x00040000         xr
ram              0x1fff8000         0x00010000         xrw
*default*        0x00000000         0xffffffff

Linker script and memory map

LOAD c:/program files (x86)/cypress/psoc creator/4.4/psoc creator/import/gnu/arm/5.4.1/bin/../lib/gcc/arm-none-eabi/5.4.1/armv7-m/crti.o
LOAD c:/program files (x86)/cypress/psoc creator/4.4/psoc creator/import/gnu/arm/5.4.1/bin/../lib/gcc/arm-none-eabi/5.4.1/armv7-m/crtbegin.o
LOAD c:/program files (x86)/cypress/psoc creator/4.4/psoc creator/import/gnu/arm/5.4.1/bin/../lib/gcc/arm-none-eabi/5.4.1/../../../../arm-none-eabi/lib/armv7-m/crt0.o
START GROUP
LOAD .\CortexM3\ARM_GCC_541\Debug\main.o
LOAD .\CortexM3\ARM_GCC_541\Debug\cyfitter_cfg.o
LOAD .\CortexM3\ARM_GCC_541\Debug\cymetadata.o
LOAD .\CortexM3\ARM_GCC_541\Debug\Cm3Start.o
LOAD .\CortexM3\ARM_GCC_541\Debug\Game Piece Movement System.a
LOAD C:\Program Files (x86)\Cypress\PSoC Creator\4.4\PSoC Creator\psoc\content\cycomponentlibrary\CyComponentLibrary.cylib\CortexM3\ARM_GCC_541\Debug\CyComponentLibrary.a
LOAD c:/program files (x86)/cypress/psoc creator/4.4/psoc creator/import/gnu/arm/5.4.1/bin/../lib/gcc/arm-none-eabi/5.4.1/../../../../arm-none-eabi/lib/armv7-m\libm.a
END GROUP
START GROUP
LOAD c:/program files (x86)/cypress/psoc creator/4.4/psoc creator/import/gnu/arm/5.4.1/bin/../lib/gcc/arm-none-eabi/5.4.1/armv7-m\libgcc.a
LOAD c:/program files (x86)/cypress/psoc creator/4.4/psoc creator/import/gnu/arm/5.4.1/bin/../lib/gcc/arm-none-eabi/5.4.1/../../../../arm-none-eabi/lib/armv7-m\libg_nano.a
LOAD c:/program files (x86)/cypress/psoc creator/4.4/psoc creator/import/gnu/arm/5.4.1/bin/../lib/gcc/arm-none-eabi/5.4.1/../../../../arm-none-eabi/lib/armv7-m\libc_nano.a
END GROUP
START GROUP
LOAD c:/program files (x86)/cypress/psoc creator/4.4/psoc creator/import/gnu/arm/5.4.1/bin/../lib/gcc/arm-none-eabi/5.4.1/armv7-m\libgcc.a
LOAD c:/program files (x86)/cypress/psoc creator/4.4/psoc creator/import/gnu/arm/5.4.1/bin/../lib/gcc/arm-none-eabi/5.4.1/../../../../arm-none-eabi/lib/armv7-m\libc_nano.a
END GROUP
LOAD c:/program files (x86)/cypress/psoc creator/4.4/psoc creator/import/gnu/arm/5.4.1/bin/../lib/gcc/arm-none-eabi/5.4.1/armv7-m/crtend.o
LOAD c:/program files (x86)/cypress/psoc creator/4.4/psoc creator/import/gnu/arm/5.4.1/bin/../lib/gcc/arm-none-eabi/5.4.1/armv7-m/crtn.o
START GROUP
LOAD c:/program files (x86)/cypress/psoc creator/4.4/psoc creator/import/gnu/arm/5.4.1/bin/../lib/gcc/arm-none-eabi/5.4.1/armv7-m\libgcc.a
LOAD c:/program files (x86)/cypress/psoc creator/4.4/psoc creator/import/gnu/arm/5.4.1/bin/../lib/gcc/arm-none-eabi/5.4.1/../../../../arm-none-eabi/lib/armv7-m\libc.a
LOAD c:/program files (x86)/cypress/psoc creator/4.4/psoc creator/import/gnu/arm/5.4.1/bin/../lib/gcc/arm-none-eabi/5.4.1/../../../../arm-none-eabi/lib/armv7-m\libnosys.a
END GROUP
                0x00000000                CY_APPL_ORIGIN = 0x0
                0x00000100                CY_FLASH_ROW_SIZE = 0x100
                0x00000020                CY_ECC_ROW_SIZE = 0x20
                0x00000000                CY_EE_IN_BTLDR = 0x0
                0x00000000                CY_APPL_LOADABLE = 0x0
                0x00000800                CY_EE_SIZE = 0x800
                0x00000001                CY_APPL_NUM = 0x1
                0x00000001                CY_APPL_MAX = 0x1
                0x00000040                CY_METADATA_SIZE = 0x40
                0x00000000                CY_APPL_LOADABLE = 0x0
                0x00000000                CY_CHECKSUM_EXCLUDE_SIZE = ALIGN (0x0, CY_FLASH_ROW_SIZE)
                [!provide]                PROVIDE (__cy_heap_start, _end)
                0x00000001                PROVIDE (__cy_region_num, ((__cy_regions_end - __cy_regions) / 0x10))
                0x20008000                PROVIDE (__cy_stack, (ORIGIN (ram) + LENGTH (ram)))
                [!provide]                PROVIDE (__cy_heap_end, (__cy_stack - 0x800))

.cybootloader   0x00000000        0x0
 *(.cybootloader)
                0x00000000                appl1_start = CY_APPL_ORIGIN?CY_APPL_ORIGIN:ALIGN (CY_FLASH_ROW_SIZE)
                0x0001ff00                appl2_start = (appl1_start + ALIGN ((((LENGTH (rom) - appl1_start) - (0x2 * CY_FLASH_ROW_SIZE)) / 0x2), CY_FLASH_ROW_SIZE))
                0x00000000                appl_start = (CY_APPL_NUM == 0x1)?appl1_start:appl2_start
                0x00000000                ecc_offset = ((appl_start / CY_FLASH_ROW_SIZE) * CY_ECC_ROW_SIZE)
                0x00000000                ee_offset = (CY_APPL_LOADABLE && ! (CY_EE_IN_BTLDR))?((CY_EE_SIZE / CY_APPL_MAX) * (CY_APPL_NUM - 0x1)):0x0
                0x00000800                ee_size = (CY_APPL_LOADABLE && ! (CY_EE_IN_BTLDR))?(CY_EE_SIZE / CY_APPL_MAX):CY_EE_SIZE
                [!provide]                PROVIDE (CY_ECC_OFFSET, ecc_offset)

.text           0x00000000      0xc6a
 CREATE_OBJECT_SYMBOLS
                0x00000000                PROVIDE (__cy_interrupt_vector, RomVectors)
 *(.romvectors)
 .romvectors    0x00000000       0x10 .\CortexM3\ARM_GCC_541\Debug\Cm3Start.o
                0x00000000                RomVectors
                0x00000001                ASSERT ((. != __cy_interrupt_vector), No interrupt vector)
                0x00000001                ASSERT (CY_APPL_ORIGIN?(SIZEOF (.cybootloader) <= CY_APPL_ORIGIN):0x1, Wrong image location)
                0x00000010                PROVIDE (__cy_reset, Reset)
 *(.text.Reset)
 .text.Reset    0x00000010       0x18 .\CortexM3\ARM_GCC_541\Debug\Cm3Start.o
                0x00000010                Reset
                0x00000001                ASSERT ((. != __cy_reset), No reset code)
 *(.dma_init)
                0x00000001                ASSERT ((((appl_start + .) <= 0x10000) || 0x1), DMA Init must be within the first 64k of flash)
 *(.text .text.* .gnu.linkonce.t.*)
 .text          0x00000028       0x5c c:/program files (x86)/cypress/psoc creator/4.4/psoc creator/import/gnu/arm/5.4.1/bin/../lib/gcc/arm-none-eabi/5.4.1/armv7-m/crtbegin.o
 .text.angle_1_to_compare
                0x00000084       0x24 .\CortexM3\ARM_GCC_541\Debug\main.o
                0x00000084                angle_1_to_compare
 .text.angle_2_to_compare
                0x000000a8       0x24 .\CortexM3\ARM_GCC_541\Debug\main.o
                0x000000a8                angle_2_to_compare
 .text.angle_3_to_compare
                0x000000cc       0x24 .\CortexM3\ARM_GCC_541\Debug\main.o
                0x000000cc                angle_3_to_compare
 .text.angle_4_to_compare
                0x000000f0       0x20 .\CortexM3\ARM_GCC_541\Debug\main.o
                0x000000f0                angle_4_to_compare
 .text.jump_to  0x00000110       0x48 .\CortexM3\ARM_GCC_541\Debug\main.o
                0x00000110                jump_to
 .text.initalize
                0x00000158       0x34 .\CortexM3\ARM_GCC_541\Debug\main.o
                0x00000158                initalize
 .text.main     0x0000018c       0x28 .\CortexM3\ARM_GCC_541\Debug\main.o
                0x0000018c                main
 .text.CyClockStartupError
                0x000001b4        0x4 .\CortexM3\ARM_GCC_541\Debug\cyfitter_cfg.o
 .text.cfg_write_bytes32
                0x000001b8       0x34 .\CortexM3\ARM_GCC_541\Debug\cyfitter_cfg.o
 .text.AnalogSetDefault
                0x000001ec       0x28 .\CortexM3\ARM_GCC_541\Debug\cyfitter_cfg.o
 .text.CYMEMZERO
                0x00000214        0xc .\CortexM3\ARM_GCC_541\Debug\cyfitter_cfg.o
 .text.ClockSetup
                0x00000220       0xd8 .\CortexM3\ARM_GCC_541\Debug\cyfitter_cfg.o
 .text.CYCONFIGCPY
                0x000002f8        0x8 .\CortexM3\ARM_GCC_541\Debug\cyfitter_cfg.o
 .text.cyfitter_cfg
                0x00000300      0x120 .\CortexM3\ARM_GCC_541\Debug\cyfitter_cfg.o
                0x00000300                cyfitter_cfg
 .text.IntDefaultHandler
                0x00000420       0x10 .\CortexM3\ARM_GCC_541\Debug\Cm3Start.o
                0x00000420                IntDefaultHandler
 .text.Start_c  0x00000430       0x4c .\CortexM3\ARM_GCC_541\Debug\Cm3Start.o
                0x00000430                Start_c
 .text.initialize_psoc
                0x0000047c       0x68 .\CortexM3\ARM_GCC_541\Debug\Cm3Start.o
                0x0000047c                initialize_psoc
 .text.PWM_1_Enable
                0x000004e4       0x10 .\CortexM3\ARM_GCC_541\Debug\Game Piece Movement System.a(PWM_1.o)
                0x000004e4                PWM_1_Enable
 .text.PWM_1_WriteCompare
                0x000004f4        0xc .\CortexM3\ARM_GCC_541\Debug\Game Piece Movement System.a(PWM_1.o)
                0x000004f4                PWM_1_WriteCompare
 .text.PWM_2_Enable
                0x00000500       0x10 .\CortexM3\ARM_GCC_541\Debug\Game Piece Movement System.a(PWM_2.o)
                0x00000500                PWM_2_Enable
 .text.PWM_2_WriteCompare
                0x00000510        0xc .\CortexM3\ARM_GCC_541\Debug\Game Piece Movement System.a(PWM_2.o)
                0x00000510                PWM_2_WriteCompare
 .text.PWM_3_Enable
                0x0000051c       0x10 .\CortexM3\ARM_GCC_541\Debug\Game Piece Movement System.a(PWM_3.o)
                0x0000051c                PWM_3_Enable
 .text.PWM_3_WriteCompare
                0x0000052c        0xc .\CortexM3\ARM_GCC_541\Debug\Game Piece Movement System.a(PWM_3.o)
                0x0000052c                PWM_3_WriteCompare
 .text.PWM_4_WriteCompare
                0x00000538        0xc .\CortexM3\ARM_GCC_541\Debug\Game Piece Movement System.a(PWM_4.o)
                0x00000538                PWM_4_WriteCompare
 .text.CyDelay  0x00000544       0x2c .\CortexM3\ARM_GCC_541\Debug\Game Piece Movement System.a(CyLib.o)
                0x00000544                CyDelay
 .text.SPI_Enable
                0x00000570       0x30 .\CortexM3\ARM_GCC_541\Debug\Game Piece Movement System.a(SPI.o)
                0x00000570                SPI_Enable
 .text.SPI_ReadTxStatus
                0x000005a0        0xc .\CortexM3\ARM_GCC_541\Debug\Game Piece Movement System.a(SPI.o)
                0x000005a0                SPI_ReadTxStatus
 .text.SPI_ReadRxStatus
                0x000005ac        0xc .\CortexM3\ARM_GCC_541\Debug\Game Piece Movement System.a(SPI.o)
                0x000005ac                SPI_ReadRxStatus
 .text.SPI_ClearFIFO
                0x000005b8       0x3c .\CortexM3\ARM_GCC_541\Debug\Game Piece Movement System.a(SPI.o)
                0x000005b8                SPI_ClearFIFO
 .text.SPI_Init
                0x000005f4       0x28 .\CortexM3\ARM_GCC_541\Debug\Game Piece Movement System.a(SPI.o)
                0x000005f4                SPI_Init
 .text.SPI_Start
                0x0000061c       0x1c .\CortexM3\ARM_GCC_541\Debug\Game Piece Movement System.a(SPI.o)
                0x0000061c                SPI_Start
 .text.UART_1_Init
                0x00000638       0x28 .\CortexM3\ARM_GCC_541\Debug\Game Piece Movement System.a(UART_1.o)
                0x00000638                UART_1_Init
 .text.UART_1_Enable
                0x00000660       0x38 .\CortexM3\ARM_GCC_541\Debug\Game Piece Movement System.a(UART_1.o)
                0x00000660                UART_1_Enable
 .text.UART_1_Start
                0x00000698       0x1c .\CortexM3\ARM_GCC_541\Debug\Game Piece Movement System.a(UART_1.o)
                0x00000698                UART_1_Start
 .text.UART_1_IntClock_Start
                0x000006b4       0x1c .\CortexM3\ARM_GCC_541\Debug\Game Piece Movement System.a(UART_1_IntClock.o)
                0x000006b4                UART_1_IntClock_Start
 .text          0x000006d0       0x20 .\CortexM3\ARM_GCC_541\Debug\Game Piece Movement System.a(CyBootAsmGnu.o)
                0x000006d0                CyDelayCycles
                0x000006e0                CyEnterCriticalSection
                0x000006e8                CyExitCriticalSection
 .text          0x000006f0      0x21c c:/program files (x86)/cypress/psoc creator/4.4/psoc creator/import/gnu/arm/5.4.1/bin/../lib/gcc/arm-none-eabi/5.4.1/armv7-m\libgcc.a(_arm_addsubsf3.o)
                0x000006f0                __aeabi_frsub
                0x000006f8                __subsf3
                0x000006f8                __aeabi_fsub
                0x000006fc                __aeabi_fadd
                0x000006fc                __addsf3
                0x0000085c                __aeabi_ui2f
                0x0000085c                __floatunsisf
                0x00000864                __aeabi_i2f
                0x00000864                __floatsisf
                0x00000880                __aeabi_ul2f
                0x00000880                __floatundisf
                0x00000890                __aeabi_l2f
                0x00000890                __floatdisf
 .text          0x0000090c      0x2a0 c:/program files (x86)/cypress/psoc creator/4.4/psoc creator/import/gnu/arm/5.4.1/bin/../lib/gcc/arm-none-eabi/5.4.1/armv7-m\libgcc.a(_arm_muldivsf3.o)
                0x0000090c                __mulsf3
                0x0000090c                __aeabi_fmul
                0x00000a74                __aeabi_fdiv
                0x00000a74                __divsf3
 .text          0x00000bac       0x40 c:/program files (x86)/cypress/psoc creator/4.4/psoc creator/import/gnu/arm/5.4.1/bin/../lib/gcc/arm-none-eabi/5.4.1/armv7-m\libgcc.a(_arm_fixunssfsi.o)
                0x00000bac                __fixunssfsi
                0x00000bac                __aeabi_f2uiz
 .text.__errno  0x00000bec        0xc c:/program files (x86)/cypress/psoc creator/4.4/psoc creator/import/gnu/arm/5.4.1/bin/../lib/gcc/arm-none-eabi/5.4.1/../../../../arm-none-eabi/lib/armv7-m\libg_nano.a(lib_a-errno.o)
                0x00000bec                __errno
 .text.__libc_init_array
                0x00000bf8       0x4c c:/program files (x86)/cypress/psoc creator/4.4/psoc creator/import/gnu/arm/5.4.1/bin/../lib/gcc/arm-none-eabi/5.4.1/../../../../arm-none-eabi/lib/armv7-m\libg_nano.a(lib_a-init.o)
                0x00000bf8                __libc_init_array
 .text.memcpy   0x00000c44       0x16 c:/program files (x86)/cypress/psoc creator/4.4/psoc creator/import/gnu/arm/5.4.1/bin/../lib/gcc/arm-none-eabi/5.4.1/../../../../arm-none-eabi/lib/armv7-m\libg_nano.a(lib_a-memcpy-stub.o)
                0x00000c44                memcpy
 .text.memset   0x00000c5a       0x10 c:/program files (x86)/cypress/psoc creator/4.4/psoc creator/import/gnu/arm/5.4.1/bin/../lib/gcc/arm-none-eabi/5.4.1/../../../../arm-none-eabi/lib/armv7-m\libg_nano.a(lib_a-memset.o)
                0x00000c5a                memset
 *(.plt)
 *(.gnu.warning)
 *(.glue_7t)
 .glue_7t       0x00000c6a        0x0 linker stubs
 *(.glue_7)
 .glue_7        0x00000c6a        0x0 linker stubs
 *(.vfp11_veneer)
 .vfp11_veneer  0x00000c6a        0x0 linker stubs
 *(.bootloader)
 *(.ARM.extab* .gnu.linkonce.armextab.*)
 *(.gcc_except_table)

.v4_bx          0x00000c6c        0x0
 .v4_bx         0x00000c6c        0x0 linker stubs

.iplt           0x00000c6c        0x0
 .iplt          0x00000c6c        0x0 c:/program files (x86)/cypress/psoc creator/4.4/psoc creator/import/gnu/arm/5.4.1/bin/../lib/gcc/arm-none-eabi/5.4.1/armv7-m/crtbegin.o

.eh_frame_hdr
 *(.eh_frame_hdr)

.eh_frame       0x00000c6c        0x4
 *(.eh_frame)
 .eh_frame      0x00000c6c        0x0 c:/program files (x86)/cypress/psoc creator/4.4/psoc creator/import/gnu/arm/5.4.1/bin/../lib/gcc/arm-none-eabi/5.4.1/armv7-m/crtbegin.o
 .eh_frame      0x00000c6c        0x4 c:/program files (x86)/cypress/psoc creator/4.4/psoc creator/import/gnu/arm/5.4.1/bin/../lib/gcc/arm-none-eabi/5.4.1/armv7-m/crtend.o
                [!provide]                PROVIDE (__exidx_start, .)

.ARM.exidx
 *(.ARM.exidx* .gnu.linkonce.armexidx.*)
                0x00000c70                __exidx_end = .

.rodata         0x00000c70       0x70
 *(.rodata .rodata.* .gnu.linkonce.r.*)
 .rodata        0x00000c70       0x3a .\CortexM3\ARM_GCC_541\Debug\cyfitter_cfg.o
 .rodata.str1.1
                0x00000caa        0x2 c:/program files (x86)/cypress/psoc creator/4.4/psoc creator/import/gnu/arm/5.4.1/bin/../lib/gcc/arm-none-eabi/5.4.1/../../../../arm-none-eabi/lib/armv7-m\libg_nano.a(lib_a-impure.o)
                0x00000cac                . = ALIGN (0x4)
 *(.init)
 .init          0x00000cac        0x4 c:/program files (x86)/cypress/psoc creator/4.4/psoc creator/import/gnu/arm/5.4.1/bin/../lib/gcc/arm-none-eabi/5.4.1/armv7-m/crti.o
                0x00000cac                _init
 .init          0x00000cb0        0x8 c:/program files (x86)/cypress/psoc creator/4.4/psoc creator/import/gnu/arm/5.4.1/bin/../lib/gcc/arm-none-eabi/5.4.1/armv7-m/crtn.o
                0x00000cb8                . = ALIGN (0x4)
                0x00000cb8                __preinit_array_start = .
 *(.preinit_array)
                0x00000cb8                __preinit_array_end = .
                0x00000cb8                . = ALIGN (0x4)
                0x00000cb8                __init_array_start = .
 *(SORT(.init_array.*))
 *(.init_array)
 .init_array    0x00000cb8        0x4 c:/program files (x86)/cypress/psoc creator/4.4/psoc creator/import/gnu/arm/5.4.1/bin/../lib/gcc/arm-none-eabi/5.4.1/armv7-m/crtbegin.o
 .init_array    0x00000cbc        0x4 .\CortexM3\ARM_GCC_541\Debug\Cm3Start.o
                0x00000cc0                __init_array_end = .
                0x00000cc0                . = ALIGN (0x4)
 *(.fini)
 .fini          0x00000cc0        0x4 c:/program files (x86)/cypress/psoc creator/4.4/psoc creator/import/gnu/arm/5.4.1/bin/../lib/gcc/arm-none-eabi/5.4.1/armv7-m/crti.o
                0x00000cc0                _fini
 .fini          0x00000cc4        0x8 c:/program files (x86)/cypress/psoc creator/4.4/psoc creator/import/gnu/arm/5.4.1/bin/../lib/gcc/arm-none-eabi/5.4.1/armv7-m/crtn.o
                0x00000ccc                . = ALIGN (0x4)
                0x00000ccc                __fini_array_start = .
 *(.fini_array)
 .fini_array    0x00000ccc        0x4 c:/program files (x86)/cypress/psoc creator/4.4/psoc creator/import/gnu/arm/5.4.1/bin/../lib/gcc/arm-none-eabi/5.4.1/armv7-m/crtbegin.o
 *(SORT(.fini_array.*))
                0x00000cd0                __fini_array_end = .
                0x00000cd0                . = ALIGN (0x4)
 *crtbegin.o(.ctors)
 *(EXCLUDE_FILE(*crtend.o) .ctors)
 *(SORT(.ctors.*))
 *crtend.o(.ctors)
                0x00000cd0                . = ALIGN (0x4)
 *crtbegin.o(.dtors)
 *(EXCLUDE_FILE(*crtend.o) .dtors)
 *(SORT(.dtors.*))
 *crtend.o(.dtors)
                0x00000cd0                . = ALIGN (0x4)
                0x00000cd0                __cy_regions = .
                0x00000cd0        0x4 LONG 0xce0 __cy_region_init_ram
                0x00000cd4        0x4 LONG 0x1fff80c8 __cy_region_start_data
                0x00000cd8        0x4 LONG 0x78 __cy_region_init_size_ram
                0x00000cdc        0x4 LONG 0x20 __cy_region_zero_size_ram
                0x00000ce0                __cy_regions_end = .
                0x00000ce0                . = ALIGN (0x8)
                0x00000ce0                _etext = .

.cy_checksum_exclude
                0x00000ce0        0x0
 *(.cy_checksum_exclude)

.ramvectors     0x1fff8000       0xc0
                0x1fff8000                __cy_region_start_ram = .
 *(.ramvectors)
 .ramvectors    0x1fff8000       0xc0 .\CortexM3\ARM_GCC_541\Debug\Cm3Start.o
                0x1fff8000                CyRamVectors

.noinit         0x1fff80c0        0x1
 *(.noinit)
 .noinit        0x1fff80c0        0x1 .\CortexM3\ARM_GCC_541\Debug\Game Piece Movement System.a(CyLib.o)
                0x1fff80c0                CyResetStatus

.data           0x1fff80c8       0x78 load address 0x00000ce0
                0x1fff80c8                __cy_region_start_data = .
 *(.jcr)
 .jcr           0x1fff80c8        0x0 c:/program files (x86)/cypress/psoc creator/4.4/psoc creator/import/gnu/arm/5.4.1/bin/../lib/gcc/arm-none-eabi/5.4.1/armv7-m/crtbegin.o
 .jcr           0x1fff80c8        0x4 c:/program files (x86)/cypress/psoc creator/4.4/psoc creator/import/gnu/arm/5.4.1/bin/../lib/gcc/arm-none-eabi/5.4.1/armv7-m/crtend.o
 *(.got.plt)
 *(.got)
 *(.shdata)
 *(.data .data.* .gnu.linkonce.d.*)
 .data          0x1fff80cc       0x10 .\CortexM3\ARM_GCC_541\Debug\Game Piece Movement System.a(CyLib.o)
                0x1fff80cc                cydelay_32k_ms
                0x1fff80d0                cydelay_freq_khz
                0x1fff80d4                cydelay_freq_mhz
                0x1fff80d8                cydelay_freq_hz
 .data.impure_data
                0x1fff80dc       0x60 c:/program files (x86)/cypress/psoc creator/4.4/psoc creator/import/gnu/arm/5.4.1/bin/../lib/gcc/arm-none-eabi/5.4.1/../../../../arm-none-eabi/lib/armv7-m\libg_nano.a(lib_a-impure.o)
 .data._impure_ptr
                0x1fff813c        0x4 c:/program files (x86)/cypress/psoc creator/4.4/psoc creator/import/gnu/arm/5.4.1/bin/../lib/gcc/arm-none-eabi/5.4.1/../../../../arm-none-eabi/lib/armv7-m\libg_nano.a(lib_a-impure.o)
                0x1fff813c                _impure_ptr
                0x1fff8140                . = ALIGN (0x8)
 *(.ram)
                0x1fff8140                _edata = .

.igot.plt       0x1fff8140        0x0 load address 0x00000d58
 .igot.plt      0x1fff8140        0x0 c:/program files (x86)/cypress/psoc creator/4.4/psoc creator/import/gnu/arm/5.4.1/bin/../lib/gcc/arm-none-eabi/5.4.1/armv7-m/crtbegin.o

.bss            0x1fff8140       0x20 load address 0x00000d58
                0x1fff8140                PROVIDE (__bss_start__, .)
 *(.shbss)
 *(.bss .bss.* .gnu.linkonce.b.*)
 .bss           0x1fff8140       0x1c c:/program files (x86)/cypress/psoc creator/4.4/psoc creator/import/gnu/arm/5.4.1/bin/../lib/gcc/arm-none-eabi/5.4.1/armv7-m/crtbegin.o
 .bss           0x1fff815c        0x1 .\CortexM3\ARM_GCC_541\Debug\Game Piece Movement System.a(SPI.o)
                0x1fff815c                SPI_initVar
 .bss           0x1fff815d        0x2 .\CortexM3\ARM_GCC_541\Debug\Game Piece Movement System.a(UART_1.o)
                0x1fff815d                UART_1_initVar
 *(COMMON)
                0x1fff8160                . = ALIGN (0x8)
 *fill*         0x1fff815f        0x1 
 *(.ram.b)
                0x1fff8160                _end = .
                0x1fff8160                __end = .
                0x1fff8160                PROVIDE (end, .)
                0x1fff8160                PROVIDE (__bss_end__, .)
                0x00000ce0                __cy_region_init_ram = LOADADDR (.data)
                0x00000078                __cy_region_init_size_ram = (_edata - ADDR (.data))
                0x00000020                __cy_region_zero_size_ram = (_end - _edata)

.heap           0x1fff8160       0x80 load address 0x00000d58
                0x1fff8160                . = _end
                0x1fff81e0                . = (. + 0x80)
 *fill*         0x1fff8160       0x80 
                0x1fff81e0                __cy_heap_limit = .

.stack          0x20007800      0x800
                0x20007800                __cy_stack_limit = .
                0x20008000                . = (. + 0x800)
 *fill*         0x20007800      0x800 
                0x00000001                ASSERT ((__cy_stack_limit >= __cy_heap_limit), region RAM overflowed with stack)
                0x00000000                cy_checksum_exclude_size = (CY_APPL_LOADABLE == 0x1)?SIZEOF (.cy_checksum_exclude):0x0
                0x00000001                ASSERT ((cy_checksum_exclude_size <= CY_CHECKSUM_EXCLUDE_SIZE), CY_BOOT: Section .cy_checksum_exclude size exceedes specified limit.)

.cyloadermeta
 *(.cyloadermeta)

.cyloadablemeta
 *(.cyloadablemeta)

.cyconfigecc    0x80000000      0x8f8
 *(.cyconfigecc)
 .cyconfigecc   0x80000000      0x8f8 .\CortexM3\ARM_GCC_541\Debug\cymetadata.o
                0x80000000                cy_meta_configecc

.cycustnvl      0x90000000        0x4
 *(.cycustnvl)
 .cycustnvl     0x90000000        0x4 .\CortexM3\ARM_GCC_541\Debug\cymetadata.o
                0x90000000                cy_meta_custnvl

.cywolatch      0x90100000        0x4
 *(.cywolatch)
 .cywolatch     0x90100000        0x4 .\CortexM3\ARM_GCC_541\Debug\cymetadata.o
                0x90100000                cy_meta_wonvl

.cyeeprom       0x90200000        0x0
 *(.cyeeprom)
                0x00000001                ASSERT ((. <= ((0x90200000 + ee_offset) + ee_size)), .cyeeprom data will not fit in EEPROM)

.cyflashprotect
                0x90400000      0x100
 *(.cyflashprotect)
 .cyflashprotect
                0x90400000      0x100 .\CortexM3\ARM_GCC_541\Debug\cymetadata.o
                0x90400000                cy_meta_flashprotect

.cymeta         0x90500000        0xc
 *(.cymeta)
 .cymeta        0x90500000        0xc .\CortexM3\ARM_GCC_541\Debug\cymetadata.o
                0x90500000                cy_metadata

.rel.dyn        0x00000d58        0x0 load address 0x9050000c
 .rel.iplt      0x00000d58        0x0 c:/program files (x86)/cypress/psoc creator/4.4/psoc creator/import/gnu/arm/5.4.1/bin/../lib/gcc/arm-none-eabi/5.4.1/armv7-m/crtbegin.o

.stab
 *(.stab)

.stabstr
 *(.stabstr)

.debug
 *(.debug)

.line
 *(.line)

.debug_srcinfo
 *(.debug_srcinfo)

.debug_sfnames
 *(.debug_sfnames)

.debug_aranges  0x00000000      0xa28
 *(.debug_aranges)
 .debug_aranges
                0x00000000       0x70 .\CortexM3\ARM_GCC_541\Debug\main.o
 .debug_aranges
                0x00000070       0x58 .\CortexM3\ARM_GCC_541\Debug\cyfitter_cfg.o
 .debug_aranges
                0x000000c8       0x18 .\CortexM3\ARM_GCC_541\Debug\cymetadata.o
 .debug_aranges
                0x000000e0       0x48 .\CortexM3\ARM_GCC_541\Debug\Cm3Start.o
 .debug_aranges
                0x00000128       0x98 .\CortexM3\ARM_GCC_541\Debug\Game Piece Movement System.a(PWM_1.o)
 .debug_aranges
                0x000001c0       0x98 .\CortexM3\ARM_GCC_541\Debug\Game Piece Movement System.a(PWM_2.o)
 .debug_aranges
                0x00000258       0x98 .\CortexM3\ARM_GCC_541\Debug\Game Piece Movement System.a(PWM_3.o)
 .debug_aranges
                0x000002f0       0x98 .\CortexM3\ARM_GCC_541\Debug\Game Piece Movement System.a(PWM_4.o)
 .debug_aranges
                0x00000388      0x2a0 .\CortexM3\ARM_GCC_541\Debug\Game Piece Movement System.a(CyLib.o)
 .debug_aranges
                0x00000628       0x98 .\CortexM3\ARM_GCC_541\Debug\Game Piece Movement System.a(cyPm.o)
 .debug_aranges
                0x000006c0       0xe0 .\CortexM3\ARM_GCC_541\Debug\Game Piece Movement System.a(SPI.o)
 .debug_aranges
                0x000007a0       0xf0 .\CortexM3\ARM_GCC_541\Debug\Game Piece Movement System.a(UART_1.o)
 .debug_aranges
                0x00000890       0x70 .\CortexM3\ARM_GCC_541\Debug\Game Piece Movement System.a(UART_1_IntClock.o)
 .debug_aranges
                0x00000900       0x20 .\CortexM3\ARM_GCC_541\Debug\Game Piece Movement System.a(CyBootAsmGnu.o)
 .debug_aranges
                0x00000920       0x88 .\CortexM3\ARM_GCC_541\Debug\Game Piece Movement System.a(CyFlash.o)
 .debug_aranges
                0x000009a8       0x80 .\CortexM3\ARM_GCC_541\Debug\Game Piece Movement System.a(CySpc.o)

.debug_pubnames
 *(.debug_pubnames)

.debug_info     0x00000000     0x5754
 *(.debug_info .gnu.linkonce.wi.*)
 .debug_info    0x00000000      0x833 .\CortexM3\ARM_GCC_541\Debug\main.o
 .debug_info    0x00000833      0x5ba .\CortexM3\ARM_GCC_541\Debug\cyfitter_cfg.o
 .debug_info    0x00000ded      0x139 .\CortexM3\ARM_GCC_541\Debug\cymetadata.o
 .debug_info    0x00000f26      0x3bb .\CortexM3\ARM_GCC_541\Debug\Cm3Start.o
 .debug_info    0x000012e1      0x354 .\CortexM3\ARM_GCC_541\Debug\Game Piece Movement System.a(PWM_1.o)
 .debug_info    0x00001635      0x354 .\CortexM3\ARM_GCC_541\Debug\Game Piece Movement System.a(PWM_2.o)
 .debug_info    0x00001989      0x354 .\CortexM3\ARM_GCC_541\Debug\Game Piece Movement System.a(PWM_3.o)
 .debug_info    0x00001cdd      0x354 .\CortexM3\ARM_GCC_541\Debug\Game Piece Movement System.a(PWM_4.o)
 .debug_info    0x00002031     0x1374 .\CortexM3\ARM_GCC_541\Debug\Game Piece Movement System.a(CyLib.o)
 .debug_info    0x000033a5      0xa2a .\CortexM3\ARM_GCC_541\Debug\Game Piece Movement System.a(cyPm.o)
 .debug_info    0x00003dcf      0x4b9 .\CortexM3\ARM_GCC_541\Debug\Game Piece Movement System.a(SPI.o)
 .debug_info    0x00004288      0x60c .\CortexM3\ARM_GCC_541\Debug\Game Piece Movement System.a(UART_1.o)
 .debug_info    0x00004894      0x283 .\CortexM3\ARM_GCC_541\Debug\Game Piece Movement System.a(UART_1_IntClock.o)
 .debug_info    0x00004b17       0xa0 .\CortexM3\ARM_GCC_541\Debug\Game Piece Movement System.a(CyBootAsmGnu.o)
 .debug_info    0x00004bb7      0x64d .\CortexM3\ARM_GCC_541\Debug\Game Piece Movement System.a(CyFlash.o)
 .debug_info    0x00005204      0x550 .\CortexM3\ARM_GCC_541\Debug\Game Piece Movement System.a(CySpc.o)

.debug_abbrev   0x00000000     0x1649
 *(.debug_abbrev)
 .debug_abbrev  0x00000000      0x1cf .\CortexM3\ARM_GCC_541\Debug\main.o
 .debug_abbrev  0x000001cf      0x20d .\CortexM3\ARM_GCC_541\Debug\cyfitter_cfg.o
 .debug_abbrev  0x000003dc       0x77 .\CortexM3\ARM_GCC_541\Debug\cymetadata.o
 .debug_abbrev  0x00000453      0x1e8 .\CortexM3\ARM_GCC_541\Debug\Cm3Start.o
 .debug_abbrev  0x0000063b      0x133 .\CortexM3\ARM_GCC_541\Debug\Game Piece Movement System.a(PWM_1.o)
 .debug_abbrev  0x0000076e      0x133 .\CortexM3\ARM_GCC_541\Debug\Game Piece Movement System.a(PWM_2.o)
 .debug_abbrev  0x000008a1      0x133 .\CortexM3\ARM_GCC_541\Debug\Game Piece Movement System.a(PWM_3.o)
 .debug_abbrev  0x000009d4      0x133 .\CortexM3\ARM_GCC_541\Debug\Game Piece Movement System.a(PWM_4.o)
 .debug_abbrev  0x00000b07      0x254 .\CortexM3\ARM_GCC_541\Debug\Game Piece Movement System.a(CyLib.o)
 .debug_abbrev  0x00000d5b      0x1ab .\CortexM3\ARM_GCC_541\Debug\Game Piece Movement System.a(cyPm.o)
 .debug_abbrev  0x00000f06      0x146 .\CortexM3\ARM_GCC_541\Debug\Game Piece Movement System.a(SPI.o)
 .debug_abbrev  0x0000104c      0x175 .\CortexM3\ARM_GCC_541\Debug\Game Piece Movement System.a(UART_1.o)
 .debug_abbrev  0x000011c1      0x139 .\CortexM3\ARM_GCC_541\Debug\Game Piece Movement System.a(UART_1_IntClock.o)
 .debug_abbrev  0x000012fa       0x14 .\CortexM3\ARM_GCC_541\Debug\Game Piece Movement System.a(CyBootAsmGnu.o)
 .debug_abbrev  0x0000130e      0x1a7 .\CortexM3\ARM_GCC_541\Debug\Game Piece Movement System.a(CyFlash.o)
 .debug_abbrev  0x000014b5      0x194 .\CortexM3\ARM_GCC_541\Debug\Game Piece Movement System.a(CySpc.o)

.debug_line     0x00000000     0x259b
 *(.debug_line)
 .debug_line    0x00000000      0x331 .\CortexM3\ARM_GCC_541\Debug\main.o
 .debug_line    0x00000331      0x1f8 .\CortexM3\ARM_GCC_541\Debug\cyfitter_cfg.o
 .debug_line    0x00000529      0x141 .\CortexM3\ARM_GCC_541\Debug\cymetadata.o
 .debug_line    0x0000066a      0x234 .\CortexM3\ARM_GCC_541\Debug\Cm3Start.o
 .debug_line    0x0000089e      0x188 .\CortexM3\ARM_GCC_541\Debug\Game Piece Movement System.a(PWM_1.o)
 .debug_line    0x00000a26      0x188 .\CortexM3\ARM_GCC_541\Debug\Game Piece Movement System.a(PWM_2.o)
 .debug_line    0x00000bae      0x188 .\CortexM3\ARM_GCC_541\Debug\Game Piece Movement System.a(PWM_3.o)
 .debug_line    0x00000d36      0x188 .\CortexM3\ARM_GCC_541\Debug\Game Piece Movement System.a(PWM_4.o)
 .debug_line    0x00000ebe      0x816 .\CortexM3\ARM_GCC_541\Debug\Game Piece Movement System.a(CyLib.o)
 .debug_line    0x000016d4      0x367 .\CortexM3\ARM_GCC_541\Debug\Game Piece Movement System.a(cyPm.o)
 .debug_line    0x00001a3b      0x242 .\CortexM3\ARM_GCC_541\Debug\Game Piece Movement System.a(SPI.o)
 .debug_line    0x00001c7d      0x2c0 .\CortexM3\ARM_GCC_541\Debug\Game Piece Movement System.a(UART_1.o)
 .debug_line    0x00001f3d      0x17e .\CortexM3\ARM_GCC_541\Debug\Game Piece Movement System.a(UART_1_IntClock.o)
 .debug_line    0x000020bb       0x66 .\CortexM3\ARM_GCC_541\Debug\Game Piece Movement System.a(CyBootAsmGnu.o)
 .debug_line    0x00002121      0x21a .\CortexM3\ARM_GCC_541\Debug\Game Piece Movement System.a(CyFlash.o)
 .debug_line    0x0000233b      0x260 .\CortexM3\ARM_GCC_541\Debug\Game Piece Movement System.a(CySpc.o)

.debug_frame    0x00000000     0x1ed0
 *(.debug_frame)
 .debug_frame   0x00000000      0x178 .\CortexM3\ARM_GCC_541\Debug\main.o
 .debug_frame   0x00000178       0xe4 .\CortexM3\ARM_GCC_541\Debug\cyfitter_cfg.o
 .debug_frame   0x0000025c       0xb8 .\CortexM3\ARM_GCC_541\Debug\Cm3Start.o
 .debug_frame   0x00000314      0x134 .\CortexM3\ARM_GCC_541\Debug\Game Piece Movement System.a(PWM_1.o)
 .debug_frame   0x00000448      0x134 .\CortexM3\ARM_GCC_541\Debug\Game Piece Movement System.a(PWM_2.o)
 .debug_frame   0x0000057c      0x134 .\CortexM3\ARM_GCC_541\Debug\Game Piece Movement System.a(PWM_3.o)
 .debug_frame   0x000006b0      0x134 .\CortexM3\ARM_GCC_541\Debug\Game Piece Movement System.a(PWM_4.o)
 .debug_frame   0x000007e4      0x738 .\CortexM3\ARM_GCC_541\Debug\Game Piece Movement System.a(CyLib.o)
 .debug_frame   0x00000f1c      0x1f8 .\CortexM3\ARM_GCC_541\Debug\Game Piece Movement System.a(cyPm.o)
 .debug_frame   0x00001114      0x1f8 .\CortexM3\ARM_GCC_541\Debug\Game Piece Movement System.a(SPI.o)
 .debug_frame   0x0000130c      0x250 .\CortexM3\ARM_GCC_541\Debug\Game Piece Movement System.a(UART_1.o)
 .debug_frame   0x0000155c       0xe0 .\CortexM3\ARM_GCC_541\Debug\Game Piece Movement System.a(UART_1_IntClock.o)
 .debug_frame   0x0000163c      0x194 .\CortexM3\ARM_GCC_541\Debug\Game Piece Movement System.a(CyFlash.o)
 .debug_frame   0x000017d0      0x180 .\CortexM3\ARM_GCC_541\Debug\Game Piece Movement System.a(CySpc.o)
 .debug_frame   0x00001950       0x38 c:/program files (x86)/cypress/psoc creator/4.4/psoc creator/import/gnu/arm/5.4.1/bin/../lib/gcc/arm-none-eabi/5.4.1/../../../../arm-none-eabi/lib/armv7-m\libm.a(lib_a-s_cos.o)
 .debug_frame   0x00001988       0x30 c:/program files (x86)/cypress/psoc creator/4.4/psoc creator/import/gnu/arm/5.4.1/bin/../lib/gcc/arm-none-eabi/5.4.1/../../../../arm-none-eabi/lib/armv7-m\libm.a(lib_a-s_round.o)
 .debug_frame   0x000019b8       0x38 c:/program files (x86)/cypress/psoc creator/4.4/psoc creator/import/gnu/arm/5.4.1/bin/../lib/gcc/arm-none-eabi/5.4.1/../../../../arm-none-eabi/lib/armv7-m\libm.a(lib_a-s_sin.o)
 .debug_frame   0x000019f0       0x3c c:/program files (x86)/cypress/psoc creator/4.4/psoc creator/import/gnu/arm/5.4.1/bin/../lib/gcc/arm-none-eabi/5.4.1/../../../../arm-none-eabi/lib/armv7-m\libm.a(lib_a-s_tan.o)
 .debug_frame   0x00001a2c       0x40 c:/program files (x86)/cypress/psoc creator/4.4/psoc creator/import/gnu/arm/5.4.1/bin/../lib/gcc/arm-none-eabi/5.4.1/../../../../arm-none-eabi/lib/armv7-m\libm.a(lib_a-w_acos.o)
 .debug_frame   0x00001a6c       0x20 c:/program files (x86)/cypress/psoc creator/4.4/psoc creator/import/gnu/arm/5.4.1/bin/../lib/gcc/arm-none-eabi/5.4.1/../../../../arm-none-eabi/lib/armv7-m\libm.a(lib_a-w_atan2.o)
 .debug_frame   0x00001a8c       0x44 c:/program files (x86)/cypress/psoc creator/4.4/psoc creator/import/gnu/arm/5.4.1/bin/../lib/gcc/arm-none-eabi/5.4.1/../../../../arm-none-eabi/lib/armv7-m\libm.a(lib_a-w_sqrt.o)
 .debug_frame   0x00001ad0       0x38 c:/program files (x86)/cypress/psoc creator/4.4/psoc creator/import/gnu/arm/5.4.1/bin/../lib/gcc/arm-none-eabi/5.4.1/../../../../arm-none-eabi/lib/armv7-m\libm.a(lib_a-e_acos.o)
 .debug_frame   0x00001b08       0x48 c:/program files (x86)/cypress/psoc creator/4.4/psoc creator/import/gnu/arm/5.4.1/bin/../lib/gcc/arm-none-eabi/5.4.1/../../../../arm-none-eabi/lib/armv7-m\libm.a(lib_a-e_atan2.o)
 .debug_frame   0x00001b50       0x48 c:/program files (x86)/cypress/psoc creator/4.4/psoc creator/import/gnu/arm/5.4.1/bin/../lib/gcc/arm-none-eabi/5.4.1/../../../../arm-none-eabi/lib/armv7-m\libm.a(lib_a-e_rem_pio2.o)
 .debug_frame   0x00001b98       0x30 c:/program files (x86)/cypress/psoc creator/4.4/psoc creator/import/gnu/arm/5.4.1/bin/../lib/gcc/arm-none-eabi/5.4.1/../../../../arm-none-eabi/lib/armv7-m\libm.a(lib_a-e_sqrt.o)
 .debug_frame   0x00001bc8       0x4c c:/program files (x86)/cypress/psoc creator/4.4/psoc creator/import/gnu/arm/5.4.1/bin/../lib/gcc/arm-none-eabi/5.4.1/../../../../arm-none-eabi/lib/armv7-m\libm.a(lib_a-k_cos.o)
 .debug_frame   0x00001c14       0x50 c:/program files (x86)/cypress/psoc creator/4.4/psoc creator/import/gnu/arm/5.4.1/bin/../lib/gcc/arm-none-eabi/5.4.1/../../../../arm-none-eabi/lib/armv7-m\libm.a(lib_a-k_rem_pio2.o)
 .debug_frame   0x00001c64       0x48 c:/program files (x86)/cypress/psoc creator/4.4/psoc creator/import/gnu/arm/5.4.1/bin/../lib/gcc/arm-none-eabi/5.4.1/../../../../arm-none-eabi/lib/armv7-m\libm.a(lib_a-k_sin.o)
 .debug_frame   0x00001cac       0x4c c:/program files (x86)/cypress/psoc creator/4.4/psoc creator/import/gnu/arm/5.4.1/bin/../lib/gcc/arm-none-eabi/5.4.1/../../../../arm-none-eabi/lib/armv7-m\libm.a(lib_a-k_tan.o)
 .debug_frame   0x00001cf8       0x38 c:/program files (x86)/cypress/psoc creator/4.4/psoc creator/import/gnu/arm/5.4.1/bin/../lib/gcc/arm-none-eabi/5.4.1/../../../../arm-none-eabi/lib/armv7-m\libm.a(lib_a-s_atan.o)
 .debug_frame   0x00001d30       0x20 c:/program files (x86)/cypress/psoc creator/4.4/psoc creator/import/gnu/arm/5.4.1/bin/../lib/gcc/arm-none-eabi/5.4.1/../../../../arm-none-eabi/lib/armv7-m\libm.a(lib_a-s_fabs.o)
 .debug_frame   0x00001d50       0x34 c:/program files (x86)/cypress/psoc creator/4.4/psoc creator/import/gnu/arm/5.4.1/bin/../lib/gcc/arm-none-eabi/5.4.1/../../../../arm-none-eabi/lib/armv7-m\libm.a(lib_a-s_floor.o)
 .debug_frame   0x00001d84       0x20 c:/program files (x86)/cypress/psoc creator/4.4/psoc creator/import/gnu/arm/5.4.1/bin/../lib/gcc/arm-none-eabi/5.4.1/../../../../arm-none-eabi/lib/armv7-m\libm.a(lib_a-s_matherr.o)
 .debug_frame   0x00001da4       0x20 c:/program files (x86)/cypress/psoc creator/4.4/psoc creator/import/gnu/arm/5.4.1/bin/../lib/gcc/arm-none-eabi/5.4.1/../../../../arm-none-eabi/lib/armv7-m\libm.a(lib_a-s_nan.o)
 .debug_frame   0x00001dc4       0x30 c:/program files (x86)/cypress/psoc creator/4.4/psoc creator/import/gnu/arm/5.4.1/bin/../lib/gcc/arm-none-eabi/5.4.1/../../../../arm-none-eabi/lib/armv7-m\libm.a(lib_a-s_scalbn.o)
 .debug_frame   0x00001df4       0x20 c:/program files (x86)/cypress/psoc creator/4.4/psoc creator/import/gnu/arm/5.4.1/bin/../lib/gcc/arm-none-eabi/5.4.1/../../../../arm-none-eabi/lib/armv7-m\libm.a(lib_a-s_copysign.o)
 .debug_frame   0x00001e14       0x20 c:/program files (x86)/cypress/psoc creator/4.4/psoc creator/import/gnu/arm/5.4.1/bin/../lib/gcc/arm-none-eabi/5.4.1/../../../../arm-none-eabi/lib/armv7-m\libg_nano.a(lib_a-errno.o)
 .debug_frame   0x00001e34       0x28 c:/program files (x86)/cypress/psoc creator/4.4/psoc creator/import/gnu/arm/5.4.1/bin/../lib/gcc/arm-none-eabi/5.4.1/../../../../arm-none-eabi/lib/armv7-m\libg_nano.a(lib_a-exit.o)
 .debug_frame   0x00001e5c       0x2c c:/program files (x86)/cypress/psoc creator/4.4/psoc creator/import/gnu/arm/5.4.1/bin/../lib/gcc/arm-none-eabi/5.4.1/../../../../arm-none-eabi/lib/armv7-m\libg_nano.a(lib_a-init.o)
 .debug_frame   0x00001e88       0x28 c:/program files (x86)/cypress/psoc creator/4.4/psoc creator/import/gnu/arm/5.4.1/bin/../lib/gcc/arm-none-eabi/5.4.1/../../../../arm-none-eabi/lib/armv7-m\libg_nano.a(lib_a-memcpy-stub.o)
 .debug_frame   0x00001eb0       0x20 c:/program files (x86)/cypress/psoc creator/4.4/psoc creator/import/gnu/arm/5.4.1/bin/../lib/gcc/arm-none-eabi/5.4.1/../../../../arm-none-eabi/lib/armv7-m\libg_nano.a(lib_a-memset.o)

.debug_str      0x00000000     0x20ba
 *(.debug_str)
 .debug_str     0x00000000      0x3f0 .\CortexM3\ARM_GCC_541\Debug\main.o
                                0x43f (size before relaxing)
 .debug_str     0x000003f0      0x1b5 .\CortexM3\ARM_GCC_541\Debug\cyfitter_cfg.o
                                0x354 (size before relaxing)
 .debug_str     0x000005a5       0x7f .\CortexM3\ARM_GCC_541\Debug\cymetadata.o
                                0x1f4 (size before relaxing)
 .debug_str     0x00000624      0x144 .\CortexM3\ARM_GCC_541\Debug\Cm3Start.o
                                0x31a (size before relaxing)
 .debug_str     0x00000768      0x191 .\CortexM3\ARM_GCC_541\Debug\Game Piece Movement System.a(PWM_1.o)
                                0x36e (size before relaxing)
 .debug_str     0x000008f9      0x133 .\CortexM3\ARM_GCC_541\Debug\Game Piece Movement System.a(PWM_2.o)
                                0x36e (size before relaxing)
 .debug_str     0x00000a2c      0x133 .\CortexM3\ARM_GCC_541\Debug\Game Piece Movement System.a(PWM_3.o)
                                0x36e (size before relaxing)
 .debug_str     0x00000b5f      0x140 .\CortexM3\ARM_GCC_541\Debug\Game Piece Movement System.a(PWM_4.o)
                                0x36e (size before relaxing)
 .debug_str     0x00000c9f      0x810 .\CortexM3\ARM_GCC_541\Debug\Game Piece Movement System.a(CyLib.o)
                                0xa57 (size before relaxing)
 .debug_str     0x000014af      0x365 .\CortexM3\ARM_GCC_541\Debug\Game Piece Movement System.a(cyPm.o)
                                0x743 (size before relaxing)
 .debug_str     0x00001814      0x21c .\CortexM3\ARM_GCC_541\Debug\Game Piece Movement System.a(SPI.o)
                                0x3f8 (size before relaxing)
 .debug_str     0x00001a30      0x293 .\CortexM3\ARM_GCC_541\Debug\Game Piece Movement System.a(UART_1.o)
                                0x4c3 (size before relaxing)
 .debug_str     0x00001cc3      0x197 .\CortexM3\ARM_GCC_541\Debug\Game Piece Movement System.a(UART_1_IntClock.o)
                                0x35e (size before relaxing)
 .debug_str     0x00001e5a      0x1b4 .\CortexM3\ARM_GCC_541\Debug\Game Piece Movement System.a(CyFlash.o)
                                0x3d0 (size before relaxing)
 .debug_str     0x0000200e       0xac .\CortexM3\ARM_GCC_541\Debug\Game Piece Movement System.a(CySpc.o)
                                0x348 (size before relaxing)

.debug_loc      0x00000000     0x249b
 *(.debug_loc)
 .debug_loc     0x00000000      0x546 .\CortexM3\ARM_GCC_541\Debug\main.o
 .debug_loc     0x00000546      0x25a .\CortexM3\ARM_GCC_541\Debug\cyfitter_cfg.o
 .debug_loc     0x000007a0      0x144 .\CortexM3\ARM_GCC_541\Debug\Cm3Start.o
 .debug_loc     0x000008e4       0x26 .\CortexM3\ARM_GCC_541\Debug\Game Piece Movement System.a(PWM_1.o)
 .debug_loc     0x0000090a       0x26 .\CortexM3\ARM_GCC_541\Debug\Game Piece Movement System.a(PWM_2.o)
 .debug_loc     0x00000930       0x26 .\CortexM3\ARM_GCC_541\Debug\Game Piece Movement System.a(PWM_3.o)
 .debug_loc     0x00000956       0x26 .\CortexM3\ARM_GCC_541\Debug\Game Piece Movement System.a(PWM_4.o)
 .debug_loc     0x0000097c      0xa11 .\CortexM3\ARM_GCC_541\Debug\Game Piece Movement System.a(CyLib.o)
 .debug_loc     0x0000138d      0x1e4 .\CortexM3\ARM_GCC_541\Debug\Game Piece Movement System.a(cyPm.o)
 .debug_loc     0x00001571       0xf3 .\CortexM3\ARM_GCC_541\Debug\Game Piece Movement System.a(SPI.o)
 .debug_loc     0x00001664      0x258 .\CortexM3\ARM_GCC_541\Debug\Game Piece Movement System.a(UART_1.o)
 .debug_loc     0x000018bc      0x128 .\CortexM3\ARM_GCC_541\Debug\Game Piece Movement System.a(UART_1_IntClock.o)
 .debug_loc     0x000019e4      0x3b2 .\CortexM3\ARM_GCC_541\Debug\Game Piece Movement System.a(CyFlash.o)
 .debug_loc     0x00001d96      0x705 .\CortexM3\ARM_GCC_541\Debug\Game Piece Movement System.a(CySpc.o)

.debug_macinfo
 *(.debug_macinfo)

.debug_ranges   0x00000000      0x910
 *(.debug_ranges)
 .debug_ranges  0x00000000       0x60 .\CortexM3\ARM_GCC_541\Debug\main.o
 .debug_ranges  0x00000060       0x48 .\CortexM3\ARM_GCC_541\Debug\cyfitter_cfg.o
 .debug_ranges  0x000000a8       0x38 .\CortexM3\ARM_GCC_541\Debug\Cm3Start.o
 .debug_ranges  0x000000e0       0x88 .\CortexM3\ARM_GCC_541\Debug\Game Piece Movement System.a(PWM_1.o)
 .debug_ranges  0x00000168       0x88 .\CortexM3\ARM_GCC_541\Debug\Game Piece Movement System.a(PWM_2.o)
 .debug_ranges  0x000001f0       0x88 .\CortexM3\ARM_GCC_541\Debug\Game Piece Movement System.a(PWM_3.o)
 .debug_ranges  0x00000278       0x88 .\CortexM3\ARM_GCC_541\Debug\Game Piece Movement System.a(PWM_4.o)
 .debug_ranges  0x00000300      0x290 .\CortexM3\ARM_GCC_541\Debug\Game Piece Movement System.a(CyLib.o)
 .debug_ranges  0x00000590       0x88 .\CortexM3\ARM_GCC_541\Debug\Game Piece Movement System.a(cyPm.o)
 .debug_ranges  0x00000618       0xd0 .\CortexM3\ARM_GCC_541\Debug\Game Piece Movement System.a(SPI.o)
 .debug_ranges  0x000006e8       0xe0 .\CortexM3\ARM_GCC_541\Debug\Game Piece Movement System.a(UART_1.o)
 .debug_ranges  0x000007c8       0x60 .\CortexM3\ARM_GCC_541\Debug\Game Piece Movement System.a(UART_1_IntClock.o)
 .debug_ranges  0x00000828       0x78 .\CortexM3\ARM_GCC_541\Debug\Game Piece Movement System.a(CyFlash.o)
 .debug_ranges  0x000008a0       0x70 .\CortexM3\ARM_GCC_541\Debug\Game Piece Movement System.a(CySpc.o)

.comment        0x00000000       0x6e
 .comment       0x00000000       0x6e .\CortexM3\ARM_GCC_541\Debug\main.o
                                 0x6f (size before relaxing)
 .comment       0x0000006e       0x6f .\CortexM3\ARM_GCC_541\Debug\cyfitter_cfg.o
 .comment       0x0000006e       0x6f .\CortexM3\ARM_GCC_541\Debug\cymetadata.o
 .comment       0x0000006e       0x6f .\CortexM3\ARM_GCC_541\Debug\Cm3Start.o
 .comment       0x0000006e       0x6f .\CortexM3\ARM_GCC_541\Debug\Game Piece Movement System.a(PWM_1.o)
 .comment       0x0000006e       0x6f .\CortexM3\ARM_GCC_541\Debug\Game Piece Movement System.a(PWM_2.o)
 .comment       0x0000006e       0x6f .\CortexM3\ARM_GCC_541\Debug\Game Piece Movement System.a(PWM_3.o)
 .comment       0x0000006e       0x6f .\CortexM3\ARM_GCC_541\Debug\Game Piece Movement System.a(PWM_4.o)
 .comment       0x0000006e       0x6f .\CortexM3\ARM_GCC_541\Debug\Game Piece Movement System.a(CyLib.o)
 .comment       0x0000006e       0x6f .\CortexM3\ARM_GCC_541\Debug\Game Piece Movement System.a(cyPm.o)
 .comment       0x0000006e       0x6f .\CortexM3\ARM_GCC_541\Debug\Game Piece Movement System.a(SPI.o)
 .comment       0x0000006e       0x6f .\CortexM3\ARM_GCC_541\Debug\Game Piece Movement System.a(UART_1.o)
 .comment       0x0000006e       0x6f .\CortexM3\ARM_GCC_541\Debug\Game Piece Movement System.a(UART_1_IntClock.o)
 .comment       0x0000006e       0x6f .\CortexM3\ARM_GCC_541\Debug\Game Piece Movement System.a(CyFlash.o)
 .comment       0x0000006e       0x6f .\CortexM3\ARM_GCC_541\Debug\Game Piece Movement System.a(CySpc.o)

.debug_weaknames
 *(.debug_weaknames)

.debug_funcnames
 *(.debug_funcnames)

.debug_typenames
 *(.debug_typenames)

.debug_varnames
 *(.debug_varnames)

.note.gnu.arm.ident
 *(.note.gnu.arm.ident)

.ARM.attributes
                0x00000000       0x29
 *(.ARM.attributes)
 .ARM.attributes
                0x00000000       0x1d c:/program files (x86)/cypress/psoc creator/4.4/psoc creator/import/gnu/arm/5.4.1/bin/../lib/gcc/arm-none-eabi/5.4.1/armv7-m/crti.o
 .ARM.attributes
                0x0000001d       0x2d c:/program files (x86)/cypress/psoc creator/4.4/psoc creator/import/gnu/arm/5.4.1/bin/../lib/gcc/arm-none-eabi/5.4.1/armv7-m/crtbegin.o
 .ARM.attributes
                0x0000004a       0x1b c:/program files (x86)/cypress/psoc creator/4.4/psoc creator/import/gnu/arm/5.4.1/bin/../lib/gcc/arm-none-eabi/5.4.1/../../../../arm-none-eabi/lib/armv7-m/crt0.o
 .ARM.attributes
                0x00000065       0x33 .\CortexM3\ARM_GCC_541\Debug\main.o
 .ARM.attributes
                0x00000098       0x33 .\CortexM3\ARM_GCC_541\Debug\cyfitter_cfg.o
 .ARM.attributes
                0x000000cb       0x33 .\CortexM3\ARM_GCC_541\Debug\cymetadata.o
 .ARM.attributes
                0x000000fe       0x33 .\CortexM3\ARM_GCC_541\Debug\Cm3Start.o
 .ARM.attributes
                0x00000131       0x33 .\CortexM3\ARM_GCC_541\Debug\Game Piece Movement System.a(PWM_1.o)
 .ARM.attributes
                0x00000164       0x33 .\CortexM3\ARM_GCC_541\Debug\Game Piece Movement System.a(PWM_2.o)
 .ARM.attributes
                0x00000197       0x33 .\CortexM3\ARM_GCC_541\Debug\Game Piece Movement System.a(PWM_3.o)
 .ARM.attributes
                0x000001ca       0x33 .\CortexM3\ARM_GCC_541\Debug\Game Piece Movement System.a(PWM_4.o)
 .ARM.attributes
                0x000001fd       0x33 .\CortexM3\ARM_GCC_541\Debug\Game Piece Movement System.a(CyLib.o)
 .ARM.attributes
                0x00000230       0x33 .\CortexM3\ARM_GCC_541\Debug\Game Piece Movement System.a(cyPm.o)
 .ARM.attributes
                0x00000263       0x33 .\CortexM3\ARM_GCC_541\Debug\Game Piece Movement System.a(SPI.o)
 .ARM.attributes
                0x00000296       0x33 .\CortexM3\ARM_GCC_541\Debug\Game Piece Movement System.a(UART_1.o)
 .ARM.attributes
                0x000002c9       0x33 .\CortexM3\ARM_GCC_541\Debug\Game Piece Movement System.a(UART_1_IntClock.o)
 .ARM.attributes
                0x000002fc       0x21 .\CortexM3\ARM_GCC_541\Debug\Game Piece Movement System.a(CyBootAsmGnu.o)
 .ARM.attributes
                0x0000031d       0x33 .\CortexM3\ARM_GCC_541\Debug\Game Piece Movement System.a(CyFlash.o)
 .ARM.attributes
                0x00000350       0x33 .\CortexM3\ARM_GCC_541\Debug\Game Piece Movement System.a(CySpc.o)
 .ARM.attributes
                0x00000383       0x2d c:/program files (x86)/cypress/psoc creator/4.4/psoc creator/import/gnu/arm/5.4.1/bin/../lib/gcc/arm-none-eabi/5.4.1/../../../../arm-none-eabi/lib/armv7-m\libm.a(lib_a-s_cos.o)
 .ARM.attributes
                0x000003b0       0x2d c:/program files (x86)/cypress/psoc creator/4.4/psoc creator/import/gnu/arm/5.4.1/bin/../lib/gcc/arm-none-eabi/5.4.1/../../../../arm-none-eabi/lib/armv7-m\libm.a(lib_a-s_round.o)
 .ARM.attributes
                0x000003dd       0x2d c:/program files (x86)/cypress/psoc creator/4.4/psoc creator/import/gnu/arm/5.4.1/bin/../lib/gcc/arm-none-eabi/5.4.1/../../../../arm-none-eabi/lib/armv7-m\libm.a(lib_a-s_sin.o)
 .ARM.attributes
                0x0000040a       0x2d c:/program files (x86)/cypress/psoc creator/4.4/psoc creator/import/gnu/arm/5.4.1/bin/../lib/gcc/arm-none-eabi/5.4.1/../../../../arm-none-eabi/lib/armv7-m\libm.a(lib_a-s_tan.o)
 .ARM.attributes
                0x00000437       0x2d c:/program files (x86)/cypress/psoc creator/4.4/psoc creator/import/gnu/arm/5.4.1/bin/../lib/gcc/arm-none-eabi/5.4.1/../../../../arm-none-eabi/lib/armv7-m\libm.a(lib_a-w_acos.o)
 .ARM.attributes
                0x00000464       0x2d c:/program files (x86)/cypress/psoc creator/4.4/psoc creator/import/gnu/arm/5.4.1/bin/../lib/gcc/arm-none-eabi/5.4.1/../../../../arm-none-eabi/lib/armv7-m\libm.a(lib_a-w_atan2.o)
 .ARM.attributes
                0x00000491       0x2d c:/program files (x86)/cypress/psoc creator/4.4/psoc creator/import/gnu/arm/5.4.1/bin/../lib/gcc/arm-none-eabi/5.4.1/../../../../arm-none-eabi/lib/armv7-m\libm.a(lib_a-w_sqrt.o)
 .ARM.attributes
                0x000004be       0x2d c:/program files (x86)/cypress/psoc creator/4.4/psoc creator/import/gnu/arm/5.4.1/bin/../lib/gcc/arm-none-eabi/5.4.1/../../../../arm-none-eabi/lib/armv7-m\libm.a(lib_a-e_acos.o)
 .ARM.attributes
                0x000004eb       0x2d c:/program files (x86)/cypress/psoc creator/4.4/psoc creator/import/gnu/arm/5.4.1/bin/../lib/gcc/arm-none-eabi/5.4.1/../../../../arm-none-eabi/lib/armv7-m\libm.a(lib_a-e_atan2.o)
 .ARM.attributes
                0x00000518       0x2d c:/program files (x86)/cypress/psoc creator/4.4/psoc creator/import/gnu/arm/5.4.1/bin/../lib/gcc/arm-none-eabi/5.4.1/../../../../arm-none-eabi/lib/armv7-m\libm.a(lib_a-e_rem_pio2.o)
 .ARM.attributes
                0x00000545       0x2d c:/program files (x86)/cypress/psoc creator/4.4/psoc creator/import/gnu/arm/5.4.1/bin/../lib/gcc/arm-none-eabi/5.4.1/../../../../arm-none-eabi/lib/armv7-m\libm.a(lib_a-e_sqrt.o)
 .ARM.attributes
                0x00000572       0x2d c:/program files (x86)/cypress/psoc creator/4.4/psoc creator/import/gnu/arm/5.4.1/bin/../lib/gcc/arm-none-eabi/5.4.1/../../../../arm-none-eabi/lib/armv7-m\libm.a(lib_a-k_cos.o)
 .ARM.attributes
                0x0000059f       0x2d c:/program files (x86)/cypress/psoc creator/4.4/psoc creator/import/gnu/arm/5.4.1/bin/../lib/gcc/arm-none-eabi/5.4.1/../../../../arm-none-eabi/lib/armv7-m\libm.a(lib_a-k_rem_pio2.o)
 .ARM.attributes
                0x000005cc       0x2d c:/program files (x86)/cypress/psoc creator/4.4/psoc creator/import/gnu/arm/5.4.1/bin/../lib/gcc/arm-none-eabi/5.4.1/../../../../arm-none-eabi/lib/armv7-m\libm.a(lib_a-k_sin.o)
 .ARM.attributes
                0x000005f9       0x2d c:/program files (x86)/cypress/psoc creator/4.4/psoc creator/import/gnu/arm/5.4.1/bin/../lib/gcc/arm-none-eabi/5.4.1/../../../../arm-none-eabi/lib/armv7-m\libm.a(lib_a-k_tan.o)
 .ARM.attributes
                0x00000626       0x2d c:/program files (x86)/cypress/psoc creator/4.4/psoc creator/import/gnu/arm/5.4.1/bin/../lib/gcc/arm-none-eabi/5.4.1/../../../../arm-none-eabi/lib/armv7-m\libm.a(lib_a-s_atan.o)
 .ARM.attributes
                0x00000653       0x2d c:/program files (x86)/cypress/psoc creator/4.4/psoc creator/import/gnu/arm/5.4.1/bin/../lib/gcc/arm-none-eabi/5.4.1/../../../../arm-none-eabi/lib/armv7-m\libm.a(lib_a-s_fabs.o)
 .ARM.attributes
                0x00000680       0x2d c:/program files (x86)/cypress/psoc creator/4.4/psoc creator/import/gnu/arm/5.4.1/bin/../lib/gcc/arm-none-eabi/5.4.1/../../../../arm-none-eabi/lib/armv7-m\libm.a(lib_a-s_floor.o)
 .ARM.attributes
                0x000006ad       0x2d c:/program files (x86)/cypress/psoc creator/4.4/psoc creator/import/gnu/arm/5.4.1/bin/../lib/gcc/arm-none-eabi/5.4.1/../../../../arm-none-eabi/lib/armv7-m\libm.a(lib_a-s_lib_ver.o)
 .ARM.attributes
                0x000006da       0x2d c:/program files (x86)/cypress/psoc creator/4.4/psoc creator/import/gnu/arm/5.4.1/bin/../lib/gcc/arm-none-eabi/5.4.1/../../../../arm-none-eabi/lib/armv7-m\libm.a(lib_a-s_matherr.o)
 .ARM.attributes
                0x00000707       0x2d c:/program files (x86)/cypress/psoc creator/4.4/psoc creator/import/gnu/arm/5.4.1/bin/../lib/gcc/arm-none-eabi/5.4.1/../../../../arm-none-eabi/lib/armv7-m\libm.a(lib_a-s_nan.o)
 .ARM.attributes
                0x00000734       0x2d c:/program files (x86)/cypress/psoc creator/4.4/psoc creator/import/gnu/arm/5.4.1/bin/../lib/gcc/arm-none-eabi/5.4.1/../../../../arm-none-eabi/lib/armv7-m\libm.a(lib_a-s_scalbn.o)
 .ARM.attributes
                0x00000761       0x2d c:/program files (x86)/cypress/psoc creator/4.4/psoc creator/import/gnu/arm/5.4.1/bin/../lib/gcc/arm-none-eabi/5.4.1/../../../../arm-none-eabi/lib/armv7-m\libm.a(lib_a-s_copysign.o)
 .ARM.attributes
                0x0000078e       0x1d c:/program files (x86)/cypress/psoc creator/4.4/psoc creator/import/gnu/arm/5.4.1/bin/../lib/gcc/arm-none-eabi/5.4.1/armv7-m\libgcc.a(_arm_addsubdf3.o)
 .ARM.attributes
                0x000007ab       0x1d c:/program files (x86)/cypress/psoc creator/4.4/psoc creator/import/gnu/arm/5.4.1/bin/../lib/gcc/arm-none-eabi/5.4.1/armv7-m\libgcc.a(_arm_muldivdf3.o)
 .ARM.attributes
                0x000007c8       0x1d c:/program files (x86)/cypress/psoc creator/4.4/psoc creator/import/gnu/arm/5.4.1/bin/../lib/gcc/arm-none-eabi/5.4.1/armv7-m\libgcc.a(_arm_cmpdf2.o)
 .ARM.attributes
                0x000007e5       0x1d c:/program files (x86)/cypress/psoc creator/4.4/psoc creator/import/gnu/arm/5.4.1/bin/../lib/gcc/arm-none-eabi/5.4.1/armv7-m\libgcc.a(_arm_unorddf2.o)
 .ARM.attributes
                0x00000802       0x1d c:/program files (x86)/cypress/psoc creator/4.4/psoc creator/import/gnu/arm/5.4.1/bin/../lib/gcc/arm-none-eabi/5.4.1/armv7-m\libgcc.a(_arm_fixdfsi.o)
 .ARM.attributes
                0x0000081f       0x1d c:/program files (x86)/cypress/psoc creator/4.4/psoc creator/import/gnu/arm/5.4.1/bin/../lib/gcc/arm-none-eabi/5.4.1/armv7-m\libgcc.a(_arm_truncdfsf2.o)
 .ARM.attributes
                0x0000083c       0x1d c:/program files (x86)/cypress/psoc creator/4.4/psoc creator/import/gnu/arm/5.4.1/bin/../lib/gcc/arm-none-eabi/5.4.1/armv7-m\libgcc.a(_arm_addsubsf3.o)
 .ARM.attributes
                0x00000859       0x1d c:/program files (x86)/cypress/psoc creator/4.4/psoc creator/import/gnu/arm/5.4.1/bin/../lib/gcc/arm-none-eabi/5.4.1/armv7-m\libgcc.a(_arm_muldivsf3.o)
 .ARM.attributes
                0x00000876       0x1d c:/program files (x86)/cypress/psoc creator/4.4/psoc creator/import/gnu/arm/5.4.1/bin/../lib/gcc/arm-none-eabi/5.4.1/armv7-m\libgcc.a(_arm_fixunssfsi.o)
 .ARM.attributes
                0x00000893       0x2d c:/program files (x86)/cypress/psoc creator/4.4/psoc creator/import/gnu/arm/5.4.1/bin/../lib/gcc/arm-none-eabi/5.4.1/../../../../arm-none-eabi/lib/armv7-m\libg_nano.a(lib_a-errno.o)
 .ARM.attributes
                0x000008c0       0x2d c:/program files (x86)/cypress/psoc creator/4.4/psoc creator/import/gnu/arm/5.4.1/bin/../lib/gcc/arm-none-eabi/5.4.1/../../../../arm-none-eabi/lib/armv7-m\libg_nano.a(lib_a-exit.o)
 .ARM.attributes
                0x000008ed       0x2d c:/program files (x86)/cypress/psoc creator/4.4/psoc creator/import/gnu/arm/5.4.1/bin/../lib/gcc/arm-none-eabi/5.4.1/../../../../arm-none-eabi/lib/armv7-m\libg_nano.a(lib_a-impure.o)
 .ARM.attributes
                0x0000091a       0x2d c:/program files (x86)/cypress/psoc creator/4.4/psoc creator/import/gnu/arm/5.4.1/bin/../lib/gcc/arm-none-eabi/5.4.1/../../../../arm-none-eabi/lib/armv7-m\libg_nano.a(lib_a-init.o)
 .ARM.attributes
                0x00000947       0x2d c:/program files (x86)/cypress/psoc creator/4.4/psoc creator/import/gnu/arm/5.4.1/bin/../lib/gcc/arm-none-eabi/5.4.1/../../../../arm-none-eabi/lib/armv7-m\libg_nano.a(lib_a-memcpy-stub.o)
 .ARM.attributes
                0x00000974       0x2d c:/program files (x86)/cypress/psoc creator/4.4/psoc creator/import/gnu/arm/5.4.1/bin/../lib/gcc/arm-none-eabi/5.4.1/../../../../arm-none-eabi/lib/armv7-m\libg_nano.a(lib_a-memset.o)
 .ARM.attributes
                0x000009a1       0x2d c:/program files (x86)/cypress/psoc creator/4.4/psoc creator/import/gnu/arm/5.4.1/bin/../lib/gcc/arm-none-eabi/5.4.1/armv7-m/crtend.o
 .ARM.attributes
                0x000009ce       0x1d c:/program files (x86)/cypress/psoc creator/4.4/psoc creator/import/gnu/arm/5.4.1/bin/../lib/gcc/arm-none-eabi/5.4.1/armv7-m/crtn.o

/DISCARD/
 *(.note.GNU-stack)
OUTPUT(C:\Users\ekatr\Documents\Uni\FYP\Movement System\Game Piece Movement System.cydsn\CortexM3\ARM_GCC_541\Debug\Game Piece Movement System.elf elf32-littlearm)
