Archive member included to satisfy reference by file (symbol)

.\CortexM3\ARM_GCC_541\Debug\Game Piece Movement System.a(PWM_1.o)
                              .\CortexM3\ARM_GCC_541\Debug\main.o (PWM_1_WriteCompare)
.\CortexM3\ARM_GCC_541\Debug\Game Piece Movement System.a(PWM_2.o)
                              .\CortexM3\ARM_GCC_541\Debug\main.o (PWM_2_WriteCompare)
.\CortexM3\ARM_GCC_541\Debug\Game Piece Movement System.a(PWM_3.o)
                              .\CortexM3\ARM_GCC_541\Debug\main.o (PWM_3_WriteCompare)
.\CortexM3\ARM_GCC_541\Debug\Game Piece Movement System.a(PWM_4.o)
                              .\CortexM3\ARM_GCC_541\Debug\main.o (PWM_4_WriteCompare)
.\CortexM3\ARM_GCC_541\Debug\Game Piece Movement System.a(CyLib.o)
                              .\CortexM3\ARM_GCC_541\Debug\Cm3Start.o (CyHalt)
.\CortexM3\ARM_GCC_541\Debug\Game Piece Movement System.a(cyPm.o)
                              .\CortexM3\ARM_GCC_541\Debug\Game Piece Movement System.a(CyLib.o) (CyPmReadStatus)
.\CortexM3\ARM_GCC_541\Debug\Game Piece Movement System.a(CyBootAsmGnu.o)
                              .\CortexM3\ARM_GCC_541\Debug\cyfitter_cfg.o (CyDelayCycles)
.\CortexM3\ARM_GCC_541\Debug\Game Piece Movement System.a(CyFlash.o)
                              .\CortexM3\ARM_GCC_541\Debug\Game Piece Movement System.a(cyPm.o) (CyFlash_SetWaitCycles)
.\CortexM3\ARM_GCC_541\Debug\Game Piece Movement System.a(CySpc.o)
                              .\CortexM3\ARM_GCC_541\Debug\Game Piece Movement System.a(CyFlash.o) (CySpcStart)
c:/program files (x86)/cypress/psoc creator/4.4/psoc creator/import/gnu/arm/5.4.1/bin/../lib/gcc/arm-none-eabi/5.4.1/../../../../arm-none-eabi/lib/armv7-m\libm.a(lib_a-s_cos.o)
                              .\CortexM3\ARM_GCC_541\Debug\main.o (cos)
c:/program files (x86)/cypress/psoc creator/4.4/psoc creator/import/gnu/arm/5.4.1/bin/../lib/gcc/arm-none-eabi/5.4.1/../../../../arm-none-eabi/lib/armv7-m\libm.a(lib_a-s_sin.o)
                              .\CortexM3\ARM_GCC_541\Debug\main.o (sin)
c:/program files (x86)/cypress/psoc creator/4.4/psoc creator/import/gnu/arm/5.4.1/bin/../lib/gcc/arm-none-eabi/5.4.1/../../../../arm-none-eabi/lib/armv7-m\libm.a(lib_a-w_acos.o)
                              .\CortexM3\ARM_GCC_541\Debug\main.o (acos)
c:/program files (x86)/cypress/psoc creator/4.4/psoc creator/import/gnu/arm/5.4.1/bin/../lib/gcc/arm-none-eabi/5.4.1/../../../../arm-none-eabi/lib/armv7-m\libm.a(lib_a-w_atan2.o)
                              .\CortexM3\ARM_GCC_541\Debug\main.o (atan2)
c:/program files (x86)/cypress/psoc creator/4.4/psoc creator/import/gnu/arm/5.4.1/bin/../lib/gcc/arm-none-eabi/5.4.1/../../../../arm-none-eabi/lib/armv7-m\libm.a(lib_a-w_sqrt.o)
                              .\CortexM3\ARM_GCC_541\Debug\main.o (sqrt)
c:/program files (x86)/cypress/psoc creator/4.4/psoc creator/import/gnu/arm/5.4.1/bin/../lib/gcc/arm-none-eabi/5.4.1/../../../../arm-none-eabi/lib/armv7-m\libm.a(lib_a-e_acos.o)
                              c:/program files (x86)/cypress/psoc creator/4.4/psoc creator/import/gnu/arm/5.4.1/bin/../lib/gcc/arm-none-eabi/5.4.1/../../../../arm-none-eabi/lib/armv7-m\libm.a(lib_a-w_acos.o) (__ieee754_acos)
c:/program files (x86)/cypress/psoc creator/4.4/psoc creator/import/gnu/arm/5.4.1/bin/../lib/gcc/arm-none-eabi/5.4.1/../../../../arm-none-eabi/lib/armv7-m\libm.a(lib_a-e_atan2.o)
                              c:/program files (x86)/cypress/psoc creator/4.4/psoc creator/import/gnu/arm/5.4.1/bin/../lib/gcc/arm-none-eabi/5.4.1/../../../../arm-none-eabi/lib/armv7-m\libm.a(lib_a-w_atan2.o) (__ieee754_atan2)
c:/program files (x86)/cypress/psoc creator/4.4/psoc creator/import/gnu/arm/5.4.1/bin/../lib/gcc/arm-none-eabi/5.4.1/../../../../arm-none-eabi/lib/armv7-m\libm.a(lib_a-e_rem_pio2.o)
                              c:/program files (x86)/cypress/psoc creator/4.4/psoc creator/import/gnu/arm/5.4.1/bin/../lib/gcc/arm-none-eabi/5.4.1/../../../../arm-none-eabi/lib/armv7-m\libm.a(lib_a-s_cos.o) (__ieee754_rem_pio2)
c:/program files (x86)/cypress/psoc creator/4.4/psoc creator/import/gnu/arm/5.4.1/bin/../lib/gcc/arm-none-eabi/5.4.1/../../../../arm-none-eabi/lib/armv7-m\libm.a(lib_a-e_sqrt.o)
                              c:/program files (x86)/cypress/psoc creator/4.4/psoc creator/import/gnu/arm/5.4.1/bin/../lib/gcc/arm-none-eabi/5.4.1/../../../../arm-none-eabi/lib/armv7-m\libm.a(lib_a-w_sqrt.o) (__ieee754_sqrt)
c:/program files (x86)/cypress/psoc creator/4.4/psoc creator/import/gnu/arm/5.4.1/bin/../lib/gcc/arm-none-eabi/5.4.1/../../../../arm-none-eabi/lib/armv7-m\libm.a(lib_a-k_cos.o)
                              c:/program files (x86)/cypress/psoc creator/4.4/psoc creator/import/gnu/arm/5.4.1/bin/../lib/gcc/arm-none-eabi/5.4.1/../../../../arm-none-eabi/lib/armv7-m\libm.a(lib_a-s_cos.o) (__kernel_cos)
c:/program files (x86)/cypress/psoc creator/4.4/psoc creator/import/gnu/arm/5.4.1/bin/../lib/gcc/arm-none-eabi/5.4.1/../../../../arm-none-eabi/lib/armv7-m\libm.a(lib_a-k_rem_pio2.o)
[...]
Memory Configuration

Name             Origin             Length             Attributes
rom              0x00000000         0x00040000         xr
ram              0x1fff8000         0x00010000         xrw
*default*        0x00000000         0xffffffff

Linker script and memory map

LOAD c:/program files (x86)/cypress/psoc creator/4.4/psoc creator/import/gnu/arm/5.4.1/bin/../lib/gcc/arm-none-eabi/5.4.1/armv7-m/crti.o
LOAD c:/program files (x86)/cypress/psoc creator/4.4/psoc creator/import/gnu/arm/5.4.1/bin/../lib/gcc/arm-none-eabi/5.4.1/armv7-m/crtbegin.o
LOAD c:/program files (x86)/cypress/psoc creator/4.4/psoc creator/import/gnu/arm/5.4.1/bin/../lib/gcc/arm-none-eabi/5.4.1/../../../../arm-none-eabi/lib/armv7-m/crt0.o
START GROUP
LOAD .\CortexM3\ARM_GCC_541\Debug\main.o
LOAD .\CortexM3\ARM_GCC_541\Debug\cyfitter_cfg.o
LOAD .\CortexM3\ARM_GCC_541\Debug\cymetadata.o
LOAD .\CortexM3\ARM_GCC_541\Debug\Cm3Start.o
LOAD .\CortexM3\ARM_GCC_541\Debug\Game Piece Movement System.a
LOAD C:\Program Files (x86)\Cypress\PSoC Creator\4.4\PSoC Creator\psoc\content\cycomponentlibrary\CyComponentLibrary.cylib\CortexM3\ARM_GCC_541\Debug\CyComponentLibrary.a
LOAD c:/program files (x86)/cypress/psoc creator/4.4/psoc creator/import/gnu/arm/5.4.1/bin/../lib/gcc/arm-none-eabi/5.4.1/../../../../arm-none-eabi/lib/armv7-m\libm.a
END GROUP
START GROUP
LOAD c:/program files (x86)/cypress/psoc creator/4.4/psoc creator/import/gnu/arm/5.4.1/bin/../lib/gcc/arm-none-eabi/5.4.1/armv7-m\libgcc.a
LOAD c:/program files (x86)/cypress/psoc creator/4.4/psoc creator/import/gnu/arm/5.4.1/bin/../lib/gcc/arm-none-eabi/5.4.1/../../../../arm-none-eabi/lib/armv7-m\libg_nano.a
LOAD c:/program files (x86)/cypress/psoc creator/4.4/psoc creator/import/gnu/arm/5.4.1/bin/../lib/gcc/arm-none-eabi/5.4.1/../../../../arm-none-eabi/lib/armv7-m\libc_nano.a
END GROUP
START GROUP
LOAD c:/program files (x86)/cypress/psoc creator/4.4/psoc creator/import/gnu/arm/5.4.1/bin/../lib/gcc/arm-none-eabi/5.4.1/armv7-m\libgcc.a
LOAD c:/program files (x86)/cypress/psoc creator/4.4/psoc creator/import/gnu/arm/5.4.1/bin/../lib/gcc/arm-none-eabi/5.4.1/../../../../arm-none-eabi/lib/armv7-m\libc_nano.a
END GROUP
LOAD c:/program files (x86)/cypress/psoc creator/4.4/psoc creator/import/gnu/arm/5.4.1/bin/../lib/gcc/arm-none-eabi/5.4.1/armv7-m/crtend.o
LOAD c:/program files (x86)/cypress/psoc creator/4.4/psoc creator/import/gnu/arm/5.4.1/bin/../lib/gcc/arm-none-eabi/5.4.1/armv7-m/crtn.o
START GROUP
LOAD c:/program files (x86)/cypress/psoc creator/4.4/psoc creator/import/gnu/arm/5.4.1/bin/../lib/gcc/arm-none-eabi/5.4.1/armv7-m\libgcc.a
LOAD c:/program files (x86)/cypress/psoc creator/4.4/psoc creator/import/gnu/arm/5.4.1/bin/../lib/gcc/arm-none-eabi/5.4.1/../../../../arm-none-eabi/lib/armv7-m\libc.a
LOAD c:/program files (x86)/cypress/psoc creator/4.4/psoc creator/import/gnu/arm/5.4.1/bin/../lib/gcc/arm-none-eabi/5.4.1/../../../../arm-none-eabi/lib/armv7-m\libnosys.a
END GROUP
                0x00000000                CY_APPL_ORIGIN = 0x0
                0x00000100                CY_FLASH_ROW_SIZE = 0x100
                0x00000020                CY_ECC_ROW_SIZE = 0x20
                0x00000000                CY_EE_IN_BTLDR = 0x0
                0x00000000                CY_APPL_LOADABLE = 0x0
                0x00000800                CY_EE_SIZE = 0x800
                0x00000001                CY_APPL_NUM = 0x1
                0x00000001                CY_APPL_MAX = 0x1
                0x00000040                CY_METADATA_SIZE = 0x40
                0x00000000                CY_APPL_LOADABLE = 0x0
                0x00000000                CY_CHECKSUM_EXCLUDE_SIZE = ALIGN (0x0, CY_FLASH_ROW_SIZE)
                [!provide]                PROVIDE (__cy_heap_start, _end)
                0x00000001                PROVIDE (__cy_region_num, ((__cy_regions_end - __cy_regions) / 0x10))
                0x20008000                PROVIDE (__cy_stack, (ORIGIN (ram) + LENGTH (ram)))
                [!provide]                PROVIDE (__cy_heap_end, (__cy_stack - 0x800))

.cybootloader   0x00000000        0x0
 *(.cybootloader)
                0x00000000                appl1_start = CY_APPL_ORIGIN?CY_APPL_ORIGIN:ALIGN (CY_FLASH_ROW_SIZE)
                0x0001ff00                appl2_start = (appl1_start + ALIGN ((((LENGTH (rom) - appl1_start) - (0x2 * CY_FLASH_ROW_SIZE)) / 0x2), CY_FLASH_ROW_SIZE))
                0x00000000                appl_start = (CY_APPL_NUM == 0x1)?appl1_start:appl2_start
                0x00000000                ecc_offset = ((appl_start / CY_FLASH_ROW_SIZE) * CY_ECC_ROW_SIZE)
                0x00000000                ee_offset = (CY_APPL_LOADABLE && ! (CY_EE_IN_BTLDR))?((CY_EE_SIZE / CY_APPL_MAX) * (CY_APPL_NUM - 0x1)):0x0
                0x00000800                ee_size = (CY_APPL_LOADABLE && ! (CY_EE_IN_BTLDR))?(CY_EE_SIZE / CY_APPL_MAX):CY_EE_SIZE
                [!provide]                PROVIDE (CY_ECC_OFFSET, ecc_offset)

.text           0x00000000     0x3826
 CREATE_OBJECT_SYMBOLS
                0x00000000                PROVIDE (__cy_interrupt_vector, RomVectors)
 *(.romvectors)
 .romvectors    0x00000000       0x10 .\CortexM3\ARM_GCC_541\Debug\Cm3Start.o
                0x00000000                RomVectors
                0x00000001                ASSERT ((. != __cy_interrupt_vector), No interrupt vector)
                0x00000001                ASSERT (CY_APPL_ORIGIN?(SIZEOF (.cybootloader) <= CY_APPL_ORIGIN):0x1, Wrong image location)
                0x00000010                PROVIDE (__cy_reset, Reset)
 *(.text.Reset)
 .text.Reset    0x00000010       0x18 .\CortexM3\ARM_GCC_541\Debug\Cm3Start.o
                0x00000010                Reset
                0x00000001                ASSERT ((. != __cy_reset), No reset code)
 *(.dma_init)
                0x00000001                ASSERT ((((appl_start + .) <= 0x10000) || 0x1), DMA Init must be within the first 64k of flash)
 *(.text .text.* .gnu.linkonce.t.*)
 .text          0x00000028       0x5c c:/program files (x86)/cypress/psoc creator/4.4/psoc creator/import/gnu/arm/5.4.1/bin/../lib/gcc/arm-none-eabi/5.4.1/armv7-m/crtbegin.o
 .text.initalize
                0x00000084       0x14 .\CortexM3\ARM_GCC_541\Debug\main.o
                0x00000084                initalize
 .text.inverse_Kinematics
                0x00000098      0x160 .\CortexM3\ARM_GCC_541\Debug\main.o
                0x00000098                inverse_Kinematics
 .text.setServo_1
                0x000001f8       0x28 .\CortexM3\ARM_GCC_541\Debug\main.o
                0x000001f8                setServo_1
 .text.setServo_2
                0x00000220       0x28 .\CortexM3\ARM_GCC_541\Debug\main.o
                0x00000220                setServo_2
 .text.setServo_3
                0x00000248       0x28 .\CortexM3\ARM_GCC_541\Debug\main.o
                0x00000248                setServo_3
 .text.setServo_4
                0x00000270       0x28 .\CortexM3\ARM_GCC_541\Debug\main.o
                0x00000270                setServo_4
 .text.main     0x00000298       0x3c .\CortexM3\ARM_GCC_541\Debug\main.o
                0x00000298                main
 .text.CyClockStartupError
                0x000002d4        0x4 .\CortexM3\ARM_GCC_541\Debug\cyfitter_cfg.o
 .text.cfg_write_bytes32
                0x000002d8       0x34 .\CortexM3\ARM_GCC_541\Debug\cyfitter_cfg.o
 .text.AnalogSetDefault
                0x0000030c       0x28 .\CortexM3\ARM_GCC_541\Debug\cyfitter_cfg.o
 .text.CYMEMZERO
                0x00000334        0xc .\CortexM3\ARM_GCC_541\Debug\cyfitter_cfg.o
 .text.ClockSetup
                0x00000340       0xb8 .\CortexM3\ARM_GCC_541\Debug\cyfitter_cfg.o
 .text.CYCONFIGCPY
                0x000003f8        0x8 .\CortexM3\ARM_GCC_541\Debug\cyfitter_cfg.o
 .text.cyfitter_cfg
                0x00000400       0xdc .\CortexM3\ARM_GCC_541\Debug\cyfitter_cfg.o
                0x00000400                cyfitter_cfg
 .text.IntDefaultHandler
                0x000004dc       0x10 .\CortexM3\ARM_GCC_541\Debug\Cm3Start.o
                0x000004dc                IntDefaultHandler
 .text.Start_c  0x000004ec       0x4c .\CortexM3\ARM_GCC_541\Debug\Cm3Start.o
                0x000004ec                Start_c
 .text.initialize_psoc
                0x00000538       0x68 .\CortexM3\ARM_GCC_541\Debug\Cm3Start.o
                0x00000538                initialize_psoc
 .text.PWM_1_Enable
                0x000005a0       0x10 .\CortexM3\ARM_GCC_541\Debug\Game Piece Movement System.a(PWM_1.o)
                0x000005a0                PWM_1_Enable
 .text.PWM_1_WriteCounter
                0x000005b0        0xc .\CortexM3\ARM_GCC_541\Debug\Game Piece Movement System.a(PWM_1.o)
                0x000005b0                PWM_1_WriteCounter
 .text.PWM_1_WritePeriod
                0x000005bc        0xc .\CortexM3\ARM_GCC_541\Debug\Game Piece Movement System.a(PWM_1.o)
                0x000005bc                PWM_1_WritePeriod
 .text.PWM_1_WriteCompare
                0x000005c8        0xc .\CortexM3\ARM_GCC_541\Debug\Game Piece Movement System.a(PWM_1.o)
                0x000005c8                PWM_1_WriteCompare
 .text.PWM_1_SetInterruptMode
                0x000005d4        0xc .\CortexM3\ARM_GCC_541\Debug\Game Piece Movement System.a(PWM_1.o)
                0x000005d4                PWM_1_SetInterruptMode
 .text.PWM_1_ReadStatusRegister
                0x000005e0        0xc .\CortexM3\ARM_GCC_541\Debug\Game Piece Movement System.a(PWM_1.o)
                0x000005e0                PWM_1_ReadStatusRegister
 .text.PWM_1_ReadCapture
                0x000005ec        0xc .\CortexM3\ARM_GCC_541\Debug\Game Piece Movement System.a(PWM_1.o)
                0x000005ec                PWM_1_ReadCapture
 .text.PWM_1_ClearFIFO
                0x000005f8       0x14 .\CortexM3\ARM_GCC_541\Debug\Game Piece Movement System.a(PWM_1.o)
                0x000005f8                PWM_1_ClearFIFO
 .text.PWM_1_Init
                0x0000060c       0x60 .\CortexM3\ARM_GCC_541\Debug\Game Piece Movement System.a(PWM_1.o)
                0x0000060c                PWM_1_Init
 .text.PWM_1_Start
                0x0000066c       0x1c .\CortexM3\ARM_GCC_541\Debug\Game Piece Movement System.a(PWM_1.o)
                0x0000066c                PWM_1_Start
 .text.PWM_2_Enable
                0x00000688       0x10 .\CortexM3\ARM_GCC_541\Debug\Game Piece Movement System.a(PWM_2.o)
                0x00000688                PWM_2_Enable
 .text.PWM_2_WriteCounter
                0x00000698        0xc .\CortexM3\ARM_GCC_541\Debug\Game Piece Movement System.a(PWM_2.o)
                0x00000698                PWM_2_WriteCounter
 .text.PWM_2_WritePeriod
                0x000006a4        0xc .\CortexM3\ARM_GCC_541\Debug\Game Piece Movement System.a(PWM_2.o)
                0x000006a4                PWM_2_WritePeriod
 .text.PWM_2_WriteCompare
                0x000006b0        0xc .\CortexM3\ARM_GCC_541\Debug\Game Piece Movement System.a(PWM_2.o)
                0x000006b0                PWM_2_WriteCompare
 .text.PWM_2_SetInterruptMode
                0x000006bc        0xc .\CortexM3\ARM_GCC_541\Debug\Game Piece Movement System.a(PWM_2.o)
                0x000006bc                PWM_2_SetInterruptMode
 .text.PWM_2_ReadStatusRegister
                0x000006c8        0xc .\CortexM3\ARM_GCC_541\Debug\Game Piece Movement System.a(PWM_2.o)
                0x000006c8                PWM_2_ReadStatusRegister
 .text.PWM_2_ReadCapture
                0x000006d4        0xc .\CortexM3\ARM_GCC_541\Debug\Game Piece Movement System.a(PWM_2.o)
                0x000006d4                PWM_2_ReadCapture
 .text.PWM_2_ClearFIFO
                0x000006e0       0x14 .\CortexM3\ARM_GCC_541\Debug\Game Piece Movement System.a(PWM_2.o)
                0x000006e0                PWM_2_ClearFIFO
 .text.PWM_2_Init
                0x000006f4       0x60 .\CortexM3\ARM_GCC_541\Debug\Game Piece Movement System.a(PWM_2.o)
                0x000006f4                PWM_2_Init
 .text.PWM_2_Start
                0x00000754       0x1c .\CortexM3\ARM_GCC_541\Debug\Game Piece Movement System.a(PWM_2.o)
                0x00000754                PWM_2_Start
 .text.PWM_3_Enable
                0x00000770       0x10 .\CortexM3\ARM_GCC_541\Debug\Game Piece Movement System.a(PWM_3.o)
                0x00000770                PWM_3_Enable
 .text.PWM_3_WriteCounter
                0x00000780        0xc .\CortexM3\ARM_GCC_541\Debug\Game Piece Movement System.a(PWM_3.o)
                0x00000780                PWM_3_WriteCounter
 .text.PWM_3_WritePeriod
                0x0000078c        0xc .\CortexM3\ARM_GCC_541\Debug\Game Piece Movement System.a(PWM_3.o)
                0x0000078c                PWM_3_WritePeriod
 .text.PWM_3_WriteCompare
                0x00000798        0xc .\CortexM3\ARM_GCC_541\Debug\Game Piece Movement System.a(PWM_3.o)
                0x00000798                PWM_3_WriteCompare
 .text.PWM_3_SetInterruptMode
                0x000007a4        0xc .\CortexM3\ARM_GCC_541\Debug\Game Piece Movement System.a(PWM_3.o)
                0x000007a4                PWM_3_SetInterruptMode
 .text.PWM_3_ReadStatusRegister
                0x000007b0        0xc .\CortexM3\ARM_GCC_541\Debug\Game Piece Movement System.a(PWM_3.o)
                0x000007b0                PWM_3_ReadStatusRegister
 .text.PWM_3_ReadCapture
                0x000007bc        0xc .\CortexM3\ARM_GCC_541\Debug\Game Piece Movement System.a(PWM_3.o)
                0x000007bc                PWM_3_ReadCapture
 .text.PWM_3_ClearFIFO
                0x000007c8       0x14 .\CortexM3\ARM_GCC_541\Debug\Game Piece Movement System.a(PWM_3.o)
                0x000007c8                PWM_3_ClearFIFO
 .text.PWM_3_Init
                0x000007dc       0x60 .\CortexM3\ARM_GCC_541\Debug\Game Piece Movement System.a(PWM_3.o)
                0x000007dc                PWM_3_Init
 .text.PWM_3_Start
                0x0000083c       0x1c .\CortexM3\ARM_GCC_541\Debug\Game Piece Movement System.a(PWM_3.o)
                0x0000083c                PWM_3_Start
 .text.PWM_4_Enable
                0x00000858       0x10 .\CortexM3\ARM_GCC_541\Debug\Game Piece Movement System.a(PWM_4.o)
                0x00000858                PWM_4_Enable
 .text.PWM_4_WriteCounter
                0x00000868        0xc .\CortexM3\ARM_GCC_541\Debug\Game Piece Movement System.a(PWM_4.o)
                0x00000868                PWM_4_WriteCounter
 .text.PWM_4_WritePeriod
                0x00000874        0xc .\CortexM3\ARM_GCC_541\Debug\Game Piece Movement System.a(PWM_4.o)
                0x00000874                PWM_4_WritePeriod
 .text.PWM_4_WriteCompare
                0x00000880        0xc .\CortexM3\ARM_GCC_541\Debug\Game Piece Movement System.a(PWM_4.o)
                0x00000880                PWM_4_WriteCompare
 .text.PWM_4_SetInterruptMode
                0x0000088c        0xc .\CortexM3\ARM_GCC_541\Debug\Game Piece Movement System.a(PWM_4.o)
                0x0000088c                PWM_4_SetInterruptMode
 .text.PWM_4_ReadStatusRegister
                0x00000898        0xc .\CortexM3\ARM_GCC_541\Debug\Game Piece Movement System.a(PWM_4.o)
                0x00000898                PWM_4_ReadStatusRegister
 .text.PWM_4_ReadCapture
                0x000008a4        0xc .\CortexM3\ARM_GCC_541\Debug\Game Piece Movement System.a(PWM_4.o)
                0x000008a4                PWM_4_ReadCapture
 .text.PWM_4_ClearFIFO
                0x000008b0       0x14 .\CortexM3\ARM_GCC_541\Debug\Game Piece Movement System.a(PWM_4.o)
                0x000008b0                PWM_4_ClearFIFO
 .text.PWM_4_Init
                0x000008c4       0x60 .\CortexM3\ARM_GCC_541\Debug\Game Piece Movement System.a(PWM_4.o)
                0x000008c4                PWM_4_Init
 .text.PWM_4_Start
                0x00000924       0x1c .\CortexM3\ARM_GCC_541\Debug\Game Piece Movement System.a(PWM_4.o)
                0x00000924                PWM_4_Start
 .text          0x00000940       0x20 .\CortexM3\ARM_GCC_541\Debug\Game Piece Movement System.a(CyBootAsmGnu.o)
                0x00000940                CyDelayCycles
                0x00000950                CyEnterCriticalSection
                0x00000958                CyExitCriticalSection
 .text.cos      0x00000960       0x90 c:/program files (x86)/cypress/psoc creator/4.4/psoc creator/import/gnu/arm/5.4.1/bin/../lib/gcc/arm-none-eabi/5.4.1/../../../../arm-none-eabi/lib/armv7-m\libm.a(lib_a-s_cos.o)
                0x00000960                cos
 .text.sin      0x000009f0       0x90 c:/program files (x86)/cypress/psoc creator/4.4/psoc creator/import/gnu/arm/5.4.1/bin/../lib/gcc/arm-none-eabi/5.4.1/../../../../arm-none-eabi/lib/armv7-m\libm.a(lib_a-s_sin.o)
                0x000009f0                sin
 .text.acos     0x00000a80       0xb0 c:/program files (x86)/cypress/psoc creator/4.4/psoc creator/import/gnu/arm/5.4.1/bin/../lib/gcc/arm-none-eabi/5.4.1/../../../../arm-none-eabi/lib/armv7-m\libm.a(lib_a-w_acos.o)
                0x00000a80                acos
 .text.atan2    0x00000b30        0x4 c:/program files (x86)/cypress/psoc creator/4.4/psoc creator/import/gnu/arm/5.4.1/bin/../lib/gcc/arm-none-eabi/5.4.1/../../../../arm-none-eabi/lib/armv7-m\libm.a(lib_a-w_atan2.o)
                0x00000b30                atan2
 .text.sqrt     0x00000b34       0xb8 c:/program files (x86)/cypress/psoc creator/4.4/psoc creator/import/gnu/arm/5.4.1/bin/../lib/gcc/arm-none-eabi/5.4.1/../../../../arm-none-eabi/lib/armv7-m\libm.a(lib_a-w_sqrt.o)
                0x00000b34                sqrt
 *fill*         0x00000bec        0x4 
 .text.__ieee754_acos
                0x00000bf0      0x4a8 c:/program files (x86)/cypress/psoc creator/4.4/psoc creator/import/gnu/arm/5.4.1/bin/../lib/gcc/arm-none-eabi/5.4.1/../../../../arm-none-eabi/lib/armv7-m\libm.a(lib_a-e_acos.o)
                0x00000bf0                __ieee754_acos
 .text.__ieee754_atan2
                0x00001098      0x194 c:/program files (x86)/cypress/psoc creator/4.4/psoc creator/import/gnu/arm/5.4.1/bin/../lib/gcc/arm-none-eabi/5.4.1/../../../../arm-none-eabi/lib/armv7-m\libm.a(lib_a-e_atan2.o)
                0x00001098                __ieee754_atan2
 *fill*         0x0000122c        0x4 
 .text.__ieee754_rem_pio2
                0x00001230      0x42c c:/program files (x86)/cypress/psoc creator/4.4/psoc creator/import/gnu/arm/5.4.1/bin/../lib/gcc/arm-none-eabi/5.4.1/../../../../arm-none-eabi/lib/armv7-m\libm.a(lib_a-e_rem_pio2.o)
                0x00001230                __ieee754_rem_pio2
 .text.__ieee754_sqrt
                0x0000165c      0x188 c:/program files (x86)/cypress/psoc creator/4.4/psoc creator/import/gnu/arm/5.4.1/bin/../lib/gcc/arm-none-eabi/5.4.1/../../../../arm-none-eabi/lib/armv7-m\libm.a(lib_a-e_sqrt.o)
                0x0000165c                __ieee754_sqrt
 *fill*         0x000017e4        0x4 
 .text.__kernel_cos
                0x000017e8      0x248 c:/program files (x86)/cypress/psoc creator/4.4/psoc creator/import/gnu/arm/5.4.1/bin/../lib/gcc/arm-none-eabi/5.4.1/../../../../arm-none-eabi/lib/armv7-m\libm.a(lib_a-k_cos.o)
                0x000017e8                __kernel_cos
 .text.__kernel_rem_pio2
                0x00001a30      0x7f0 c:/program files (x86)/cypress/psoc creator/4.4/psoc creator/import/gnu/arm/5.4.1/bin/../lib/gcc/arm-none-eabi/5.4.1/../../../../arm-none-eabi/lib/armv7-m\libm.a(lib_a-k_rem_pio2.o)
                0x00001a30                __kernel_rem_pio2
 .text.__kernel_sin
                0x00002220      0x16c c:/program files (x86)/cypress/psoc creator/4.4/psoc creator/import/gnu/arm/5.4.1/bin/../lib/gcc/arm-none-eabi/5.4.1/../../../../arm-none-eabi/lib/armv7-m\libm.a(lib_a-k_sin.o)
                0x00002220                __kernel_sin
 *fill*         0x0000238c        0x4 
 .text.atan     0x00002390      0x33c c:/program files (x86)/cypress/psoc creator/4.4/psoc creator/import/gnu/arm/5.4.1/bin/../lib/gcc/arm-none-eabi/5.4.1/../../../../arm-none-eabi/lib/armv7-m\libm.a(lib_a-s_atan.o)
                0x00002390                atan
 .text.fabs     0x000026cc        0x8 c:/program files (x86)/cypress/psoc creator/4.4/psoc creator/import/gnu/arm/5.4.1/bin/../lib/gcc/arm-none-eabi/5.4.1/../../../../arm-none-eabi/lib/armv7-m\libm.a(lib_a-s_fabs.o)
                0x000026cc                fabs
 *fill*         0x000026d4        0x4 
 .text.floor    0x000026d8      0x110 c:/program files (x86)/cypress/psoc creator/4.4/psoc creator/import/gnu/arm/5.4.1/bin/../lib/gcc/arm-none-eabi/5.4.1/../../../../arm-none-eabi/lib/armv7-m\libm.a(lib_a-s_floor.o)
                0x000026d8                floor
 .text.matherr  0x000027e8        0x4 c:/program files (x86)/cypress/psoc creator/4.4/psoc creator/import/gnu/arm/5.4.1/bin/../lib/gcc/arm-none-eabi/5.4.1/../../../../arm-none-eabi/lib/armv7-m\libm.a(lib_a-s_matherr.o)
                0x000027e8                matherr
 .text.nan      0x000027ec        0xc c:/program files (x86)/cypress/psoc creator/4.4/psoc creator/import/gnu/arm/5.4.1/bin/../lib/gcc/arm-none-eabi/5.4.1/../../../../arm-none-eabi/lib/armv7-m\libm.a(lib_a-s_nan.o)
                0x000027ec                nan
 .text.scalbn   0x000027f8       0xe4 c:/program files (x86)/cypress/psoc creator/4.4/psoc creator/import/gnu/arm/5.4.1/bin/../lib/gcc/arm-none-eabi/5.4.1/../../../../arm-none-eabi/lib/armv7-m\libm.a(lib_a-s_scalbn.o)
                0x000027f8                scalbn
 .text.copysign
                0x000028dc       0x10 c:/program files (x86)/cypress/psoc creator/4.4/psoc creator/import/gnu/arm/5.4.1/bin/../lib/gcc/arm-none-eabi/5.4.1/../../../../arm-none-eabi/lib/armv7-m\libm.a(lib_a-s_copysign.o)
                0x000028dc                copysign
 .text          0x000028ec      0x370 c:/program files (x86)/cypress/psoc creator/4.4/psoc creator/import/gnu/arm/5.4.1/bin/../lib/gcc/arm-none-eabi/5.4.1/armv7-m\libgcc.a(_arm_addsubdf3.o)
                0x000028ec                __aeabi_drsub
                0x000028f4                __aeabi_dsub
                0x000028f4                __subdf3
                0x000028f8                __aeabi_dadd
                0x000028f8                __adddf3
                0x00002b70                __floatunsidf
                0x00002b70                __aeabi_ui2d
                0x00002b90                __floatsidf
                0x00002b90                __aeabi_i2d
                0x00002bb4                __aeabi_f2d
                0x00002bb4                __extendsfdf2
                0x00002bf0                __floatundidf
                0x00002bf0                __aeabi_ul2d
                0x00002c00                __floatdidf
                0x00002c00                __aeabi_l2d
 .text          0x00002c5c      0x424 c:/program files (x86)/cypress/psoc creator/4.4/psoc creator/import/gnu/arm/5.4.1/bin/../lib/gcc/arm-none-eabi/5.4.1/armv7-m\libgcc.a(_arm_muldivdf3.o)
                0x00002c5c                __aeabi_dmul
                0x00002c5c                __muldf3
                0x00002eb0                __divdf3
                0x00002eb0                __aeabi_ddiv
 .text          0x00003080      0x110 c:/program files (x86)/cypress/psoc creator/4.4/psoc creator/import/gnu/arm/5.4.1/bin/../lib/gcc/arm-none-eabi/5.4.1/armv7-m\libgcc.a(_arm_cmpdf2.o)
                0x00003080                __gtdf2
                0x00003080                __gedf2
                0x00003088                __ltdf2
                0x00003088                __ledf2
                0x00003090                __nedf2
                0x00003090                __eqdf2
                0x00003090                __cmpdf2
                0x0000310c                __aeabi_cdrcmple
                0x0000311c                __aeabi_cdcmpeq
                0x0000311c                __aeabi_cdcmple
                0x0000312c                __aeabi_dcmpeq
                0x00003140                __aeabi_dcmplt
                0x00003154                __aeabi_dcmple
                0x00003168                __aeabi_dcmpge
                0x0000317c                __aeabi_dcmpgt
 .text          0x00003190       0x2c c:/program files (x86)/cypress/psoc creator/4.4/psoc creator/import/gnu/arm/5.4.1/bin/../lib/gcc/arm-none-eabi/5.4.1/armv7-m\libgcc.a(_arm_unorddf2.o)
                0x00003190                __unorddf2
                0x00003190                __aeabi_dcmpun
 .text          0x000031bc       0x50 c:/program files (x86)/cypress/psoc creator/4.4/psoc creator/import/gnu/arm/5.4.1/bin/../lib/gcc/arm-none-eabi/5.4.1/armv7-m\libgcc.a(_arm_fixdfsi.o)
                0x000031bc                __aeabi_d2iz
                0x000031bc                __fixdfsi
 .text          0x0000320c       0xa0 c:/program files (x86)/cypress/psoc creator/4.4/psoc creator/import/gnu/arm/5.4.1/bin/../lib/gcc/arm-none-eabi/5.4.1/armv7-m\libgcc.a(_arm_truncdfsf2.o)
                0x0000320c                __truncdfsf2
                0x0000320c                __aeabi_d2f
 .text          0x000032ac      0x21c c:/program files (x86)/cypress/psoc creator/4.4/psoc creator/import/gnu/arm/5.4.1/bin/../lib/gcc/arm-none-eabi/5.4.1/armv7-m\libgcc.a(_arm_addsubsf3.o)
                0x000032ac                __aeabi_frsub
                0x000032b4                __subsf3
                0x000032b4                __aeabi_fsub
                0x000032b8                __aeabi_fadd
                0x000032b8                __addsf3
                0x00003418                __aeabi_ui2f
                0x00003418                __floatunsisf
                0x00003420                __aeabi_i2f
                0x00003420                __floatsisf
                0x0000343c                __aeabi_ul2f
                0x0000343c                __floatundisf
                0x0000344c                __aeabi_l2f
                0x0000344c                __floatdisf
 .text          0x000034c8      0x2a0 c:/program files (x86)/cypress/psoc creator/4.4/psoc creator/import/gnu/arm/5.4.1/bin/../lib/gcc/arm-none-eabi/5.4.1/armv7-m\libgcc.a(_arm_muldivsf3.o)
                0x000034c8                __mulsf3
                0x000034c8                __aeabi_fmul
                0x00003630                __aeabi_fdiv
                0x00003630                __divsf3
 .text          0x00003768       0x40 c:/program files (x86)/cypress/psoc creator/4.4/psoc creator/import/gnu/arm/5.4.1/bin/../lib/gcc/arm-none-eabi/5.4.1/armv7-m\libgcc.a(_arm_fixunssfsi.o)
                0x00003768                __fixunssfsi
                0x00003768                __aeabi_f2uiz
 .text.__errno  0x000037a8        0xc c:/program files (x86)/cypress/psoc creator/4.4/psoc creator/import/gnu/arm/5.4.1/bin/../lib/gcc/arm-none-eabi/5.4.1/../../../../arm-none-eabi/lib/armv7-m\libg_nano.a(lib_a-errno.o)
                0x000037a8                __errno
 .text.__libc_init_array
                0x000037b4       0x4c c:/program files (x86)/cypress/psoc creator/4.4/psoc creator/import/gnu/arm/5.4.1/bin/../lib/gcc/arm-none-eabi/5.4.1/../../../../arm-none-eabi/lib/armv7-m\libg_nano.a(lib_a-init.o)
                0x000037b4                __libc_init_array
 .text.memcpy   0x00003800       0x16 c:/program files (x86)/cypress/psoc creator/4.4/psoc creator/import/gnu/arm/5.4.1/bin/../lib/gcc/arm-none-eabi/5.4.1/../../../../arm-none-eabi/lib/armv7-m\libg_nano.a(lib_a-memcpy-stub.o)
                0x00003800                memcpy
 .text.memset   0x00003816       0x10 c:/program files (x86)/cypress/psoc creator/4.4/psoc creator/import/gnu/arm/5.4.1/bin/../lib/gcc/arm-none-eabi/5.4.1/../../../../arm-none-eabi/lib/armv7-m\libg_nano.a(lib_a-memset.o)
                0x00003816                memset
 *(.plt)
 *(.gnu.warning)
 *(.glue_7t)
 .glue_7t       0x00003826        0x0 linker stubs
 *(.glue_7)
 .glue_7        0x00003826        0x0 linker stubs
 *(.vfp11_veneer)
 .vfp11_veneer  0x00003826        0x0 linker stubs
 *(.bootloader)
 *(.ARM.extab* .gnu.linkonce.armextab.*)
 *(.gcc_except_table)

.v4_bx          0x00003828        0x0
 .v4_bx         0x00003828        0x0 linker stubs

.iplt           0x00003828        0x0
 .iplt          0x00003828        0x0 c:/program files (x86)/cypress/psoc creator/4.4/psoc creator/import/gnu/arm/5.4.1/bin/../lib/gcc/arm-none-eabi/5.4.1/armv7-m/crtbegin.o

.eh_frame_hdr
 *(.eh_frame_hdr)

.eh_frame       0x00003828        0x4
 *(.eh_frame)
 .eh_frame      0x00003828        0x0 c:/program files (x86)/cypress/psoc creator/4.4/psoc creator/import/gnu/arm/5.4.1/bin/../lib/gcc/arm-none-eabi/5.4.1/armv7-m/crtbegin.o
 .eh_frame      0x00003828        0x4 c:/program files (x86)/cypress/psoc creator/4.4/psoc creator/import/gnu/arm/5.4.1/bin/../lib/gcc/arm-none-eabi/5.4.1/armv7-m/crtend.o
                [!provide]                PROVIDE (__exidx_start, .)

.ARM.exidx
 *(.ARM.exidx* .gnu.linkonce.armexidx.*)
                0x0000382c                __exidx_end = .

.rodata         0x00003830      0x2a0
 *(.rodata .rodata.* .gnu.linkonce.r.*)
 .rodata        0x00003830        0xc .\CortexM3\ARM_GCC_541\Debug\main.o
 .rodata        0x0000383c       0x30 .\CortexM3\ARM_GCC_541\Debug\cyfitter_cfg.o
 .rodata.str1.4
                0x0000386c        0x5 c:/program files (x86)/cypress/psoc creator/4.4/psoc creator/import/gnu/arm/5.4.1/bin/../lib/gcc/arm-none-eabi/5.4.1/../../../../arm-none-eabi/lib/armv7-m\libm.a(lib_a-w_acos.o)
                                  0x9 (size before relaxing)
 *fill*         0x00003871        0x3 
 .rodata.str1.4
                0x00003874        0x8 c:/program files (x86)/cypress/psoc creator/4.4/psoc creator/import/gnu/arm/5.4.1/bin/../lib/gcc/arm-none-eabi/5.4.1/../../../../arm-none-eabi/lib/armv7-m\libm.a(lib_a-w_sqrt.o)
                                  0x5 (size before relaxing)
 .rodata.npio2_hw
                0x0000387c       0x80 c:/program files (x86)/cypress/psoc creator/4.4/psoc creator/import/gnu/arm/5.4.1/bin/../lib/gcc/arm-none-eabi/5.4.1/../../../../arm-none-eabi/lib/armv7-m\libm.a(lib_a-e_rem_pio2.o)
 .rodata.two_over_pi
                0x000038fc      0x108 c:/program files (x86)/cypress/psoc creator/4.4/psoc creator/import/gnu/arm/5.4.1/bin/../lib/gcc/arm-none-eabi/5.4.1/../../../../arm-none-eabi/lib/armv7-m\libm.a(lib_a-e_rem_pio2.o)
 .rodata.init_jk
                0x00003a04       0x10 c:/program files (x86)/cypress/psoc creator/4.4/psoc creator/import/gnu/arm/5.4.1/bin/../lib/gcc/arm-none-eabi/5.4.1/../../../../arm-none-eabi/lib/armv7-m\libm.a(lib_a-k_rem_pio2.o)
 *fill*         0x00003a14        0x4 
 .rodata.PIo2   0x00003a18       0x40 c:/program files (x86)/cypress/psoc creator/4.4/psoc creator/import/gnu/arm/5.4.1/bin/../lib/gcc/arm-none-eabi/5.4.1/../../../../arm-none-eabi/lib/armv7-m\libm.a(lib_a-k_rem_pio2.o)
 .rodata.atanlo
                0x00003a58       0x20 c:/program files (x86)/cypress/psoc creator/4.4/psoc creator/import/gnu/arm/5.4.1/bin/../lib/gcc/arm-none-eabi/5.4.1/../../../../arm-none-eabi/lib/armv7-m\libm.a(lib_a-s_atan.o)
 .rodata.atanhi
                0x00003a78       0x20 c:/program files (x86)/cypress/psoc creator/4.4/psoc creator/import/gnu/arm/5.4.1/bin/../lib/gcc/arm-none-eabi/5.4.1/../../../../arm-none-eabi/lib/armv7-m\libm.a(lib_a-s_atan.o)
 .rodata.str1.1
                0x00003a98        0x2 c:/program files (x86)/cypress/psoc creator/4.4/psoc creator/import/gnu/arm/5.4.1/bin/../lib/gcc/arm-none-eabi/5.4.1/../../../../arm-none-eabi/lib/armv7-m\libg_nano.a(lib_a-impure.o)
                0x00003a9c                . = ALIGN (0x4)
 *fill*         0x00003a9a        0x2 
 *(.init)
 .init          0x00003a9c        0x4 c:/program files (x86)/cypress/psoc creator/4.4/psoc creator/import/gnu/arm/5.4.1/bin/../lib/gcc/arm-none-eabi/5.4.1/armv7-m/crti.o
                0x00003a9c                _init
 .init          0x00003aa0        0x8 c:/program files (x86)/cypress/psoc creator/4.4/psoc creator/import/gnu/arm/5.4.1/bin/../lib/gcc/arm-none-eabi/5.4.1/armv7-m/crtn.o
                0x00003aa8                . = ALIGN (0x4)
                0x00003aa8                __preinit_array_start = .
 *(.preinit_array)
                0x00003aa8                __preinit_array_end = .
                0x00003aa8                . = ALIGN (0x4)
                0x00003aa8                __init_array_start = .
 *(SORT(.init_array.*))
 *(.init_array)
 .init_array    0x00003aa8        0x4 c:/program files (x86)/cypress/psoc creator/4.4/psoc creator/import/gnu/arm/5.4.1/bin/../lib/gcc/arm-none-eabi/5.4.1/armv7-m/crtbegin.o
 .init_array    0x00003aac        0x4 .\CortexM3\ARM_GCC_541\Debug\Cm3Start.o
                0x00003ab0                __init_array_end = .
                0x00003ab0                . = ALIGN (0x4)
 *(.fini)
 .fini          0x00003ab0        0x4 c:/program files (x86)/cypress/psoc creator/4.4/psoc creator/import/gnu/arm/5.4.1/bin/../lib/gcc/arm-none-eabi/5.4.1/armv7-m/crti.o
                0x00003ab0                _fini
 .fini          0x00003ab4        0x8 c:/program files (x86)/cypress/psoc creator/4.4/psoc creator/import/gnu/arm/5.4.1/bin/../lib/gcc/arm-none-eabi/5.4.1/armv7-m/crtn.o
                0x00003abc                . = ALIGN (0x4)
                0x00003abc                __fini_array_start = .
 *(.fini_array)
 .fini_array    0x00003abc        0x4 c:/program files (x86)/cypress/psoc creator/4.4/psoc creator/import/gnu/arm/5.4.1/bin/../lib/gcc/arm-none-eabi/5.4.1/armv7-m/crtbegin.o
 *(SORT(.fini_array.*))
                0x00003ac0                __fini_array_end = .
                0x00003ac0                . = ALIGN (0x4)
 *crtbegin.o(.ctors)
 *(EXCLUDE_FILE(*crtend.o) .ctors)
 *(SORT(.ctors.*))
 *crtend.o(.ctors)
                0x00003ac0                . = ALIGN (0x4)
 *crtbegin.o(.dtors)
 *(EXCLUDE_FILE(*crtend.o) .dtors)
 *(SORT(.dtors.*))
 *crtend.o(.dtors)
                0x00003ac0                . = ALIGN (0x4)
                0x00003ac0                __cy_regions = .
                0x00003ac0        0x4 LONG 0x3ad0 __cy_region_init_ram
                0x00003ac4        0x4 LONG 0x1fff80c8 __cy_region_start_data
                0x00003ac8        0x4 LONG 0x70 __cy_region_init_size_ram
                0x00003acc        0x4 LONG 0x30 __cy_region_zero_size_ram
                0x00003ad0                __cy_regions_end = .
                0x00003ad0                . = ALIGN (0x8)
                0x00003ad0                _etext = .

.cy_checksum_exclude
                0x00003ad0        0x0
 *(.cy_checksum_exclude)

.ramvectors     0x1fff8000       0xc0
                0x1fff8000                __cy_region_start_ram = .
 *(.ramvectors)
 .ramvectors    0x1fff8000       0xc0 .\CortexM3\ARM_GCC_541\Debug\Cm3Start.o
                0x1fff8000                CyRamVectors

.noinit         0x1fff80c0        0x1
 *(.noinit)
 .noinit        0x1fff80c0        0x1 .\CortexM3\ARM_GCC_541\Debug\Game Piece Movement System.a(CyLib.o)
                0x1fff80c0                CyResetStatus

.data           0x1fff80c8       0x70 load address 0x00003ad0
                0x1fff80c8                __cy_region_start_data = .
 *(.jcr)
 .jcr           0x1fff80c8        0x0 c:/program files (x86)/cypress/psoc creator/4.4/psoc creator/import/gnu/arm/5.4.1/bin/../lib/gcc/arm-none-eabi/5.4.1/armv7-m/crtbegin.o
 .jcr           0x1fff80c8        0x4 c:/program files (x86)/cypress/psoc creator/4.4/psoc creator/import/gnu/arm/5.4.1/bin/../lib/gcc/arm-none-eabi/5.4.1/armv7-m/crtend.o
 *(.got.plt)
 *(.got)
 *(.shdata)
 *(.data .data.* .gnu.linkonce.d.*)
 .data.__fdlib_version
                0x1fff80cc        0x1 c:/program files (x86)/cypress/psoc creator/4.4/psoc creator/import/gnu/arm/5.4.1/bin/../lib/gcc/arm-none-eabi/5.4.1/../../../../arm-none-eabi/lib/armv7-m\libm.a(lib_a-s_lib_ver.o)
                0x1fff80cc                __fdlib_version
 *fill*         0x1fff80cd        0x3 
 .data.impure_data
                0x1fff80d0       0x60 c:/program files (x86)/cypress/psoc creator/4.4/psoc creator/import/gnu/arm/5.4.1/bin/../lib/gcc/arm-none-eabi/5.4.1/../../../../arm-none-eabi/lib/armv7-m\libg_nano.a(lib_a-impure.o)
 .data._impure_ptr
                0x1fff8130        0x4 c:/program files (x86)/cypress/psoc creator/4.4/psoc creator/import/gnu/arm/5.4.1/bin/../lib/gcc/arm-none-eabi/5.4.1/../../../../arm-none-eabi/lib/armv7-m\libg_nano.a(lib_a-impure.o)
                0x1fff8130                _impure_ptr
                0x1fff8138                . = ALIGN (0x8)
 *fill*         0x1fff8134        0x4 
 *(.ram)
                0x1fff8138                _edata = .

.igot.plt       0x1fff8138        0x0 load address 0x00003b40
 .igot.plt      0x1fff8138        0x0 c:/program files (x86)/cypress/psoc creator/4.4/psoc creator/import/gnu/arm/5.4.1/bin/../lib/gcc/arm-none-eabi/5.4.1/armv7-m/crtbegin.o

.bss            0x1fff8138       0x30 load address 0x00003b40
                0x1fff8138                PROVIDE (__bss_start__, .)
 *(.shbss)
 *(.bss .bss.* .gnu.linkonce.b.*)
 .bss           0x1fff8138       0x1c c:/program files (x86)/cypress/psoc creator/4.4/psoc creator/import/gnu/arm/5.4.1/bin/../lib/gcc/arm-none-eabi/5.4.1/armv7-m/crtbegin.o
 .bss           0x1fff8154       0x10 .\CortexM3\ARM_GCC_541\Debug\main.o
 .bss           0x1fff8164        0x1 .\CortexM3\ARM_GCC_541\Debug\Game Piece Movement System.a(PWM_1.o)
                0x1fff8164                PWM_1_initVar
 .bss           0x1fff8165        0x1 .\CortexM3\ARM_GCC_541\Debug\Game Piece Movement System.a(PWM_2.o)
                0x1fff8165                PWM_2_initVar
 .bss           0x1fff8166        0x1 .\CortexM3\ARM_GCC_541\Debug\Game Piece Movement System.a(PWM_3.o)
                0x1fff8166                PWM_3_initVar
 .bss           0x1fff8167        0x1 .\CortexM3\ARM_GCC_541\Debug\Game Piece Movement System.a(PWM_4.o)
                0x1fff8167                PWM_4_initVar
 *(COMMON)
                0x1fff8168                . = ALIGN (0x8)
 *(.ram.b)
                0x1fff8168                _end = .
                0x1fff8168                __end = .
                0x1fff8168                PROVIDE (end, .)
                0x1fff8168                PROVIDE (__bss_end__, .)
                0x00003ad0                __cy_region_init_ram = LOADADDR (.data)
                0x00000070                __cy_region_init_size_ram = (_edata - ADDR (.data))
                0x00000030                __cy_region_zero_size_ram = (_end - _edata)

.heap           0x1fff8168       0x80 load address 0x00003b40
                0x1fff8168                . = _end
                0x1fff81e8                . = (. + 0x80)
 *fill*         0x1fff8168       0x80 
                0x1fff81e8                __cy_heap_limit = .

.stack          0x20007800      0x800
                0x20007800                __cy_stack_limit = .
                0x20008000                . = (. + 0x800)
 *fill*         0x20007800      0x800 
                0x00000001                ASSERT ((__cy_stack_limit >= __cy_heap_limit), region RAM overflowed with stack)
                0x00000000                cy_checksum_exclude_size = (CY_APPL_LOADABLE == 0x1)?SIZEOF (.cy_checksum_exclude):0x0
                0x00000001                ASSERT ((cy_checksum_exclude_size <= CY_CHECKSUM_EXCLUDE_SIZE), CY_BOOT: Section .cy_checksum_exclude size exceedes specified limit.)

.cyloadermeta
 *(.cyloadermeta)

.cyloadablemeta
 *(.cyloadablemeta)

.cyconfigecc    0x80000000      0x408
 *(.cyconfigecc)
 .cyconfigecc   0x80000000      0x408 .\CortexM3\ARM_GCC_541\Debug\cymetadata.o
                0x80000000                cy_meta_configecc

.cycustnvl      0x90000000        0x4
 *(.cycustnvl)
 .cycustnvl     0x90000000        0x4 .\CortexM3\ARM_GCC_541\Debug\cymetadata.o
                0x90000000                cy_meta_custnvl

.cywolatch      0x90100000        0x4
 *(.cywolatch)
 .cywolatch     0x90100000        0x4 .\CortexM3\ARM_GCC_541\Debug\cymetadata.o
                0x90100000                cy_meta_wonvl

.cyeeprom       0x90200000        0x0
 *(.cyeeprom)
                0x00000001                ASSERT ((. <= ((0x90200000 + ee_offset) + ee_size)), .cyeeprom data will not fit in EEPROM)

.cyflashprotect
                0x90400000      0x100
 *(.cyflashprotect)
 .cyflashprotect
                0x90400000      0x100 .\CortexM3\ARM_GCC_541\Debug\cymetadata.o
                0x90400000                cy_meta_flashprotect

.cymeta         0x90500000        0xc
 *(.cymeta)
 .cymeta        0x90500000        0xc .\CortexM3\ARM_GCC_541\Debug\cymetadata.o
                0x90500000                cy_metadata

.rel.dyn        0x00003b40        0x0 load address 0x9050000c
 .rel.iplt      0x00003b40        0x0 c:/program files (x86)/cypress/psoc creator/4.4/psoc creator/import/gnu/arm/5.4.1/bin/../lib/gcc/arm-none-eabi/5.4.1/armv7-m/crtbegin.o

.stab
 *(.stab)

.stabstr
 *(.stabstr)

.debug
 *(.debug)

.line
 *(.line)

.debug_srcinfo
 *(.debug_srcinfo)

.debug_sfnames
 *(.debug_sfnames)

.debug_aranges  0x00000000      0x7c8
 *(.debug_aranges)
 .debug_aranges
                0x00000000       0x50 .\CortexM3\ARM_GCC_541\Debug\main.o
 .debug_aranges
                0x00000050       0x58 .\CortexM3\ARM_GCC_541\Debug\cyfitter_cfg.o
 .debug_aranges
                0x000000a8       0x18 .\CortexM3\ARM_GCC_541\Debug\cymetadata.o
 .debug_aranges
                0x000000c0       0x48 .\CortexM3\ARM_GCC_541\Debug\Cm3Start.o
 .debug_aranges
                0x00000108       0x98 .\CortexM3\ARM_GCC_541\Debug\Game Piece Movement System.a(PWM_1.o)
 .debug_aranges
                0x000001a0       0x98 .\CortexM3\ARM_GCC_541\Debug\Game Piece Movement System.a(PWM_2.o)
 .debug_aranges
                0x00000238       0x98 .\CortexM3\ARM_GCC_541\Debug\Game Piece Movement System.a(PWM_3.o)
 .debug_aranges
                0x000002d0       0x98 .\CortexM3\ARM_GCC_541\Debug\Game Piece Movement System.a(PWM_4.o)
 .debug_aranges
                0x00000368      0x2a0 .\CortexM3\ARM_GCC_541\Debug\Game Piece Movement System.a(CyLib.o)
 .debug_aranges
                0x00000608       0x98 .\CortexM3\ARM_GCC_541\Debug\Game Piece Movement System.a(cyPm.o)
 .debug_aranges
                0x000006a0       0x20 .\CortexM3\ARM_GCC_541\Debug\Game Piece Movement System.a(CyBootAsmGnu.o)
 .debug_aranges
                0x000006c0       0x88 .\CortexM3\ARM_GCC_541\Debug\Game Piece Movement System.a(CyFlash.o)
 .debug_aranges
                0x00000748       0x80 .\CortexM3\ARM_GCC_541\Debug\Game Piece Movement System.a(CySpc.o)

.debug_pubnames
 *(.debug_pubnames)

.debug_info     0x00000000     0x44f1
 *(.debug_info .gnu.linkonce.wi.*)
 .debug_info    0x00000000      0x417 .\CortexM3\ARM_GCC_541\Debug\main.o
 .debug_info    0x00000417      0x4a4 .\CortexM3\ARM_GCC_541\Debug\cyfitter_cfg.o
 .debug_info    0x000008bb      0x135 .\CortexM3\ARM_GCC_541\Debug\cymetadata.o
 .debug_info    0x000009f0      0x3bb .\CortexM3\ARM_GCC_541\Debug\Cm3Start.o
 .debug_info    0x00000dab      0x354 .\CortexM3\ARM_GCC_541\Debug\Game Piece Movement System.a(PWM_1.o)
 .debug_info    0x000010ff      0x354 .\CortexM3\ARM_GCC_541\Debug\Game Piece Movement System.a(PWM_2.o)
 .debug_info    0x00001453      0x354 .\CortexM3\ARM_GCC_541\Debug\Game Piece Movement System.a(PWM_3.o)
 .debug_info    0x000017a7      0x354 .\CortexM3\ARM_GCC_541\Debug\Game Piece Movement System.a(PWM_4.o)
 .debug_info    0x00001afb     0x1374 .\CortexM3\ARM_GCC_541\Debug\Game Piece Movement System.a(CyLib.o)
 .debug_info    0x00002e6f      0xa2a .\CortexM3\ARM_GCC_541\Debug\Game Piece Movement System.a(cyPm.o)
 .debug_info    0x00003899       0xbb .\CortexM3\ARM_GCC_541\Debug\Game Piece Movement System.a(CyBootAsmGnu.o)
 .debug_info    0x00003954      0x64d .\CortexM3\ARM_GCC_541\Debug\Game Piece Movement System.a(CyFlash.o)
 .debug_info    0x00003fa1      0x550 .\CortexM3\ARM_GCC_541\Debug\Game Piece Movement System.a(CySpc.o)

.debug_abbrev   0x00000000     0x11ce
 *(.debug_abbrev)
 .debug_abbrev  0x00000000      0x168 .\CortexM3\ARM_GCC_541\Debug\main.o
 .debug_abbrev  0x00000168      0x1fe .\CortexM3\ARM_GCC_541\Debug\cyfitter_cfg.o
 .debug_abbrev  0x00000366       0x66 .\CortexM3\ARM_GCC_541\Debug\cymetadata.o
 .debug_abbrev  0x000003cc      0x1e8 .\CortexM3\ARM_GCC_541\Debug\Cm3Start.o
 .debug_abbrev  0x000005b4      0x133 .\CortexM3\ARM_GCC_541\Debug\Game Piece Movement System.a(PWM_1.o)
 .debug_abbrev  0x000006e7      0x133 .\CortexM3\ARM_GCC_541\Debug\Game Piece Movement System.a(PWM_2.o)
 .debug_abbrev  0x0000081a      0x133 .\CortexM3\ARM_GCC_541\Debug\Game Piece Movement System.a(PWM_3.o)
 .debug_abbrev  0x0000094d      0x133 .\CortexM3\ARM_GCC_541\Debug\Game Piece Movement System.a(PWM_4.o)
 .debug_abbrev  0x00000a80      0x254 .\CortexM3\ARM_GCC_541\Debug\Game Piece Movement System.a(CyLib.o)
 .debug_abbrev  0x00000cd4      0x1ab .\CortexM3\ARM_GCC_541\Debug\Game Piece Movement System.a(cyPm.o)
 .debug_abbrev  0x00000e7f       0x14 .\CortexM3\ARM_GCC_541\Debug\Game Piece Movement System.a(CyBootAsmGnu.o)
 .debug_abbrev  0x00000e93      0x1a7 .\CortexM3\ARM_GCC_541\Debug\Game Piece Movement System.a(CyFlash.o)
 .debug_abbrev  0x0000103a      0x194 .\CortexM3\ARM_GCC_541\Debug\Game Piece Movement System.a(CySpc.o)

.debug_line     0x00000000     0x1e41
 *(.debug_line)
 .debug_line    0x00000000      0x279 .\CortexM3\ARM_GCC_541\Debug\main.o
 .debug_line    0x00000279      0x1d6 .\CortexM3\ARM_GCC_541\Debug\cyfitter_cfg.o
 .debug_line    0x0000044f      0x141 .\CortexM3\ARM_GCC_541\Debug\cymetadata.o
 .debug_line    0x00000590      0x234 .\CortexM3\ARM_GCC_541\Debug\Cm3Start.o
 .debug_line    0x000007c4      0x188 .\CortexM3\ARM_GCC_541\Debug\Game Piece Movement System.a(PWM_1.o)
 .debug_line    0x0000094c      0x188 .\CortexM3\ARM_GCC_541\Debug\Game Piece Movement System.a(PWM_2.o)
 .debug_line    0x00000ad4      0x188 .\CortexM3\ARM_GCC_541\Debug\Game Piece Movement System.a(PWM_3.o)
 .debug_line    0x00000c5c      0x188 .\CortexM3\ARM_GCC_541\Debug\Game Piece Movement System.a(PWM_4.o)
 .debug_line    0x00000de4      0x816 .\CortexM3\ARM_GCC_541\Debug\Game Piece Movement System.a(CyLib.o)
 .debug_line    0x000015fa      0x367 .\CortexM3\ARM_GCC_541\Debug\Game Piece Movement System.a(cyPm.o)
 .debug_line    0x00001961       0x66 .\CortexM3\ARM_GCC_541\Debug\Game Piece Movement System.a(CyBootAsmGnu.o)
 .debug_line    0x000019c7      0x21a .\CortexM3\ARM_GCC_541\Debug\Game Piece Movement System.a(CyFlash.o)
 .debug_line    0x00001be1      0x260 .\CortexM3\ARM_GCC_541\Debug\Game Piece Movement System.a(CySpc.o)

.debug_frame    0x00000000     0x185c
 *(.debug_frame)
 .debug_frame   0x00000000       0xe4 .\CortexM3\ARM_GCC_541\Debug\main.o
 .debug_frame   0x000000e4       0xe4 .\CortexM3\ARM_GCC_541\Debug\cyfitter_cfg.o
 .debug_frame   0x000001c8       0xb8 .\CortexM3\ARM_GCC_541\Debug\Cm3Start.o
 .debug_frame   0x00000280      0x134 .\CortexM3\ARM_GCC_541\Debug\Game Piece Movement System.a(PWM_1.o)
 .debug_frame   0x000003b4      0x134 .\CortexM3\ARM_GCC_541\Debug\Game Piece Movement System.a(PWM_2.o)
 .debug_frame   0x000004e8      0x134 .\CortexM3\ARM_GCC_541\Debug\Game Piece Movement System.a(PWM_3.o)
 .debug_frame   0x0000061c      0x134 .\CortexM3\ARM_GCC_541\Debug\Game Piece Movement System.a(PWM_4.o)
 .debug_frame   0x00000750      0x738 .\CortexM3\ARM_GCC_541\Debug\Game Piece Movement System.a(CyLib.o)
 .debug_frame   0x00000e88      0x1f8 .\CortexM3\ARM_GCC_541\Debug\Game Piece Movement System.a(cyPm.o)
 .debug_frame   0x00001080      0x194 .\CortexM3\ARM_GCC_541\Debug\Game Piece Movement System.a(CyFlash.o)
 .debug_frame   0x00001214      0x180 .\CortexM3\ARM_GCC_541\Debug\Game Piece Movement System.a(CySpc.o)
 .debug_frame   0x00001394       0x38 c:/program files (x86)/cypress/psoc creator/4.4/psoc creator/import/gnu/arm/5.4.1/bin/../lib/gcc/arm-none-eabi/5.4.1/../../../../arm-none-eabi/lib/armv7-m\libm.a(lib_a-s_cos.o)
 .debug_frame   0x000013cc       0x38 c:/program files (x86)/cypress/psoc creator/4.4/psoc creator/import/gnu/arm/5.4.1/bin/../lib/gcc/arm-none-eabi/5.4.1/../../../../arm-none-eabi/lib/armv7-m\libm.a(lib_a-s_sin.o)
 .debug_frame   0x00001404       0x40 c:/program files (x86)/cypress/psoc creator/4.4/psoc creator/import/gnu/arm/5.4.1/bin/../lib/gcc/arm-none-eabi/5.4.1/../../../../arm-none-eabi/lib/armv7-m\libm.a(lib_a-w_acos.o)
 .debug_frame   0x00001444       0x20 c:/program files (x86)/cypress/psoc creator/4.4/psoc creator/import/gnu/arm/5.4.1/bin/../lib/gcc/arm-none-eabi/5.4.1/../../../../arm-none-eabi/lib/armv7-m\libm.a(lib_a-w_atan2.o)
 .debug_frame   0x00001464       0x44 c:/program files (x86)/cypress/psoc creator/4.4/psoc creator/import/gnu/arm/5.4.1/bin/../lib/gcc/arm-none-eabi/5.4.1/../../../../arm-none-eabi/lib/armv7-m\libm.a(lib_a-w_sqrt.o)
 .debug_frame   0x000014a8       0x38 c:/program files (x86)/cypress/psoc creator/4.4/psoc creator/import/gnu/arm/5.4.1/bin/../lib/gcc/arm-none-eabi/5.4.1/../../../../arm-none-eabi/lib/armv7-m\libm.a(lib_a-e_acos.o)
 .debug_frame   0x000014e0       0x48 c:/program files (x86)/cypress/psoc creator/4.4/psoc creator/import/gnu/arm/5.4.1/bin/../lib/gcc/arm-none-eabi/5.4.1/../../../../arm-none-eabi/lib/armv7-m\libm.a(lib_a-e_atan2.o)
 .debug_frame   0x00001528       0x48 c:/program files (x86)/cypress/psoc creator/4.4/psoc creator/import/gnu/arm/5.4.1/bin/../lib/gcc/arm-none-eabi/5.4.1/../../../../arm-none-eabi/lib/armv7-m\libm.a(lib_a-e_rem_pio2.o)
 .debug_frame   0x00001570       0x30 c:/program files (x86)/cypress/psoc creator/4.4/psoc creator/import/gnu/arm/5.4.1/bin/../lib/gcc/arm-none-eabi/5.4.1/../../../../arm-none-eabi/lib/armv7-m\libm.a(lib_a-e_sqrt.o)
 .debug_frame   0x000015a0       0x4c c:/program files (x86)/cypress/psoc creator/4.4/psoc creator/import/gnu/arm/5.4.1/bin/../lib/gcc/arm-none-eabi/5.4.1/../../../../arm-none-eabi/lib/armv7-m\libm.a(lib_a-k_cos.o)
 .debug_frame   0x000015ec       0x50 c:/program files (x86)/cypress/psoc creator/4.4/psoc creator/import/gnu/arm/5.4.1/bin/../lib/gcc/arm-none-eabi/5.4.1/../../../../arm-none-eabi/lib/armv7-m\libm.a(lib_a-k_rem_pio2.o)
 .debug_frame   0x0000163c       0x48 c:/program files (x86)/cypress/psoc creator/4.4/psoc creator/import/gnu/arm/5.4.1/bin/../lib/gcc/arm-none-eabi/5.4.1/../../../../arm-none-eabi/lib/armv7-m\libm.a(lib_a-k_sin.o)
 .debug_frame   0x00001684       0x38 c:/program files (x86)/cypress/psoc creator/4.4/psoc creator/import/gnu/arm/5.4.1/bin/../lib/gcc/arm-none-eabi/5.4.1/../../../../arm-none-eabi/lib/armv7-m\libm.a(lib_a-s_atan.o)
 .debug_frame   0x000016bc       0x20 c:/program files (x86)/cypress/psoc creator/4.4/psoc creator/import/gnu/arm/5.4.1/bin/../lib/gcc/arm-none-eabi/5.4.1/../../../../arm-none-eabi/lib/armv7-m\libm.a(lib_a-s_fabs.o)
 .debug_frame   0x000016dc       0x34 c:/program files (x86)/cypress/psoc creator/4.4/psoc creator/import/gnu/arm/5.4.1/bin/../lib/gcc/arm-none-eabi/5.4.1/../../../../arm-none-eabi/lib/armv7-m\libm.a(lib_a-s_floor.o)
 .debug_frame   0x00001710       0x20 c:/program files (x86)/cypress/psoc creator/4.4/psoc creator/import/gnu/arm/5.4.1/bin/../lib/gcc/arm-none-eabi/5.4.1/../../../../arm-none-eabi/lib/armv7-m\libm.a(lib_a-s_matherr.o)
 .debug_frame   0x00001730       0x20 c:/program files (x86)/cypress/psoc creator/4.4/psoc creator/import/gnu/arm/5.4.1/bin/../lib/gcc/arm-none-eabi/5.4.1/../../../../arm-none-eabi/lib/armv7-m\libm.a(lib_a-s_nan.o)
 .debug_frame   0x00001750       0x30 c:/program files (x86)/cypress/psoc creator/4.4/psoc creator/import/gnu/arm/5.4.1/bin/../lib/gcc/arm-none-eabi/5.4.1/../../../../arm-none-eabi/lib/armv7-m\libm.a(lib_a-s_scalbn.o)
 .debug_frame   0x00001780       0x20 c:/program files (x86)/cypress/psoc creator/4.4/psoc creator/import/gnu/arm/5.4.1/bin/../lib/gcc/arm-none-eabi/5.4.1/../../../../arm-none-eabi/lib/armv7-m\libm.a(lib_a-s_copysign.o)
 .debug_frame   0x000017a0       0x20 c:/program files (x86)/cypress/psoc creator/4.4/psoc creator/import/gnu/arm/5.4.1/bin/../lib/gcc/arm-none-eabi/5.4.1/../../../../arm-none-eabi/lib/armv7-m\libg_nano.a(lib_a-errno.o)
 .debug_frame   0x000017c0       0x28 c:/program files (x86)/cypress/psoc creator/4.4/psoc creator/import/gnu/arm/5.4.1/bin/../lib/gcc/arm-none-eabi/5.4.1/../../../../arm-none-eabi/lib/armv7-m\libg_nano.a(lib_a-exit.o)
 .debug_frame   0x000017e8       0x2c c:/program files (x86)/cypress/psoc creator/4.4/psoc creator/import/gnu/arm/5.4.1/bin/../lib/gcc/arm-none-eabi/5.4.1/../../../../arm-none-eabi/lib/armv7-m\libg_nano.a(lib_a-init.o)
 .debug_frame   0x00001814       0x28 c:/program files (x86)/cypress/psoc creator/4.4/psoc creator/import/gnu/arm/5.4.1/bin/../lib/gcc/arm-none-eabi/5.4.1/../../../../arm-none-eabi/lib/armv7-m\libg_nano.a(lib_a-memcpy-stub.o)
 .debug_frame   0x0000183c       0x20 c:/program files (x86)/cypress/psoc creator/4.4/psoc creator/import/gnu/arm/5.4.1/bin/../lib/gcc/arm-none-eabi/5.4.1/../../../../arm-none-eabi/lib/armv7-m\libg_nano.a(lib_a-memset.o)

.debug_str      0x00000000     0x1926
 *(.debug_str)
 .debug_str     0x00000000      0x27a .\CortexM3\ARM_GCC_541\Debug\main.o
                                0x2c2 (size before relaxing)
 .debug_str     0x0000027a      0x187 .\CortexM3\ARM_GCC_541\Debug\cyfitter_cfg.o
                                0x33a (size before relaxing)
 .debug_str     0x00000401       0x7f .\CortexM3\ARM_GCC_541\Debug\cymetadata.o
                                0x20f (size before relaxing)
 .debug_str     0x00000480      0x144 .\CortexM3\ARM_GCC_541\Debug\Cm3Start.o
                                0x335 (size before relaxing)
 .debug_str     0x000005c4      0x1ac .\CortexM3\ARM_GCC_541\Debug\Game Piece Movement System.a(PWM_1.o)
                                0x389 (size before relaxing)
 .debug_str     0x00000770      0x146 .\CortexM3\ARM_GCC_541\Debug\Game Piece Movement System.a(PWM_2.o)
                                0x389 (size before relaxing)
 .debug_str     0x000008b6      0x146 .\CortexM3\ARM_GCC_541\Debug\Game Piece Movement System.a(PWM_3.o)
                                0x389 (size before relaxing)
 .debug_str     0x000009fc      0x146 .\CortexM3\ARM_GCC_541\Debug\Game Piece Movement System.a(PWM_4.o)
                                0x389 (size before relaxing)
 .debug_str     0x00000b42      0x818 .\CortexM3\ARM_GCC_541\Debug\Game Piece Movement System.a(CyLib.o)
                                0xa72 (size before relaxing)
 .debug_str     0x0000135a      0x365 .\CortexM3\ARM_GCC_541\Debug\Game Piece Movement System.a(cyPm.o)
                                0x75e (size before relaxing)
 .debug_str     0x000016bf      0x1bb .\CortexM3\ARM_GCC_541\Debug\Game Piece Movement System.a(CyFlash.o)
                                0x3eb (size before relaxing)
 .debug_str     0x0000187a       0xac .\CortexM3\ARM_GCC_541\Debug\Game Piece Movement System.a(CySpc.o)
                                0x363 (size before relaxing)

.debug_loc      0x00000000     0x1beb
 *(.debug_loc)
 .debug_loc     0x00000000      0x18c .\CortexM3\ARM_GCC_541\Debug\main.o
 .debug_loc     0x0000018c      0x1d7 .\CortexM3\ARM_GCC_541\Debug\cyfitter_cfg.o
 .debug_loc     0x00000363      0x144 .\CortexM3\ARM_GCC_541\Debug\Cm3Start.o
 .debug_loc     0x000004a7       0x26 .\CortexM3\ARM_GCC_541\Debug\Game Piece Movement System.a(PWM_1.o)
 .debug_loc     0x000004cd       0x26 .\CortexM3\ARM_GCC_541\Debug\Game Piece Movement System.a(PWM_2.o)
 .debug_loc     0x000004f3       0x26 .\CortexM3\ARM_GCC_541\Debug\Game Piece Movement System.a(PWM_3.o)
 .debug_loc     0x00000519       0x26 .\CortexM3\ARM_GCC_541\Debug\Game Piece Movement System.a(PWM_4.o)
 .debug_loc     0x0000053f      0xa11 .\CortexM3\ARM_GCC_541\Debug\Game Piece Movement System.a(CyLib.o)
 .debug_loc     0x00000f50      0x1e4 .\CortexM3\ARM_GCC_541\Debug\Game Piece Movement System.a(cyPm.o)
 .debug_loc     0x00001134      0x3b2 .\CortexM3\ARM_GCC_541\Debug\Game Piece Movement System.a(CyFlash.o)
 .debug_loc     0x000014e6      0x705 .\CortexM3\ARM_GCC_541\Debug\Game Piece Movement System.a(CySpc.o)

.debug_macinfo
 *(.debug_macinfo)

.debug_ranges   0x00000000      0x6e0
 *(.debug_ranges)
 .debug_ranges  0x00000000       0x40 .\CortexM3\ARM_GCC_541\Debug\main.o
 .debug_ranges  0x00000040       0x48 .\CortexM3\ARM_GCC_541\Debug\cyfitter_cfg.o
 .debug_ranges  0x00000088       0x38 .\CortexM3\ARM_GCC_541\Debug\Cm3Start.o
 .debug_ranges  0x000000c0       0x88 .\CortexM3\ARM_GCC_541\Debug\Game Piece Movement System.a(PWM_1.o)
 .debug_ranges  0x00000148       0x88 .\CortexM3\ARM_GCC_541\Debug\Game Piece Movement System.a(PWM_2.o)
 .debug_ranges  0x000001d0       0x88 .\CortexM3\ARM_GCC_541\Debug\Game Piece Movement System.a(PWM_3.o)
 .debug_ranges  0x00000258       0x88 .\CortexM3\ARM_GCC_541\Debug\Game Piece Movement System.a(PWM_4.o)
 .debug_ranges  0x000002e0      0x290 .\CortexM3\ARM_GCC_541\Debug\Game Piece Movement System.a(CyLib.o)
 .debug_ranges  0x00000570       0x88 .\CortexM3\ARM_GCC_541\Debug\Game Piece Movement System.a(cyPm.o)
 .debug_ranges  0x000005f8       0x78 .\CortexM3\ARM_GCC_541\Debug\Game Piece Movement System.a(CyFlash.o)
 .debug_ranges  0x00000670       0x70 .\CortexM3\ARM_GCC_541\Debug\Game Piece Movement System.a(CySpc.o)

.comment        0x00000000       0x6e
 .comment       0x00000000       0x6e .\CortexM3\ARM_GCC_541\Debug\main.o
                                 0x6f (size before relaxing)
 .comment       0x0000006e       0x6f .\CortexM3\ARM_GCC_541\Debug\cyfitter_cfg.o
 .comment       0x0000006e       0x6f .\CortexM3\ARM_GCC_541\Debug\cymetadata.o
 .comment       0x0000006e       0x6f .\CortexM3\ARM_GCC_541\Debug\Cm3Start.o
 .comment       0x0000006e       0x6f .\CortexM3\ARM_GCC_541\Debug\Game Piece Movement System.a(PWM_1.o)
 .comment       0x0000006e       0x6f .\CortexM3\ARM_GCC_541\Debug\Game Piece Movement System.a(PWM_2.o)
 .comment       0x0000006e       0x6f .\CortexM3\ARM_GCC_541\Debug\Game Piece Movement System.a(PWM_3.o)
 .comment       0x0000006e       0x6f .\CortexM3\ARM_GCC_541\Debug\Game Piece Movement System.a(PWM_4.o)
 .comment       0x0000006e       0x6f .\CortexM3\ARM_GCC_541\Debug\Game Piece Movement System.a(CyLib.o)
 .comment       0x0000006e       0x6f .\CortexM3\ARM_GCC_541\Debug\Game Piece Movement System.a(cyPm.o)
 .comment       0x0000006e       0x6f .\CortexM3\ARM_GCC_541\Debug\Game Piece Movement System.a(CyFlash.o)
 .comment       0x0000006e       0x6f .\CortexM3\ARM_GCC_541\Debug\Game Piece Movement System.a(CySpc.o)

.debug_weaknames
 *(.debug_weaknames)

.debug_funcnames
 *(.debug_funcnames)

.debug_typenames
 *(.debug_typenames)

.debug_varnames
 *(.debug_varnames)

.note.gnu.arm.ident
 *(.note.gnu.arm.ident)

.ARM.attributes
                0x00000000       0x29
 *(.ARM.attributes)
 .ARM.attributes
                0x00000000       0x1d c:/program files (x86)/cypress/psoc creator/4.4/psoc creator/import/gnu/arm/5.4.1/bin/../lib/gcc/arm-none-eabi/5.4.1/armv7-m/crti.o
 .ARM.attributes
                0x0000001d       0x2d c:/program files (x86)/cypress/psoc creator/4.4/psoc creator/import/gnu/arm/5.4.1/bin/../lib/gcc/arm-none-eabi/5.4.1/armv7-m/crtbegin.o
 .ARM.attributes
                0x0000004a       0x1b c:/program files (x86)/cypress/psoc creator/4.4/psoc creator/import/gnu/arm/5.4.1/bin/../lib/gcc/arm-none-eabi/5.4.1/../../../../arm-none-eabi/lib/armv7-m/crt0.o
 .ARM.attributes
                0x00000065       0x33 .\CortexM3\ARM_GCC_541\Debug\main.o
 .ARM.attributes
                0x00000098       0x33 .\CortexM3\ARM_GCC_541\Debug\cyfitter_cfg.o
 .ARM.attributes
                0x000000cb       0x33 .\CortexM3\ARM_GCC_541\Debug\cymetadata.o
 .ARM.attributes
                0x000000fe       0x33 .\CortexM3\ARM_GCC_541\Debug\Cm3Start.o
 .ARM.attributes
                0x00000131       0x33 .\CortexM3\ARM_GCC_541\Debug\Game Piece Movement System.a(PWM_1.o)
 .ARM.attributes
                0x00000164       0x33 .\CortexM3\ARM_GCC_541\Debug\Game Piece Movement System.a(PWM_2.o)
 .ARM.attributes
                0x00000197       0x33 .\CortexM3\ARM_GCC_541\Debug\Game Piece Movement System.a(PWM_3.o)
 .ARM.attributes
                0x000001ca       0x33 .\CortexM3\ARM_GCC_541\Debug\Game Piece Movement System.a(PWM_4.o)
 .ARM.attributes
                0x000001fd       0x33 .\CortexM3\ARM_GCC_541\Debug\Game Piece Movement System.a(CyLib.o)
 .ARM.attributes
                0x00000230       0x33 .\CortexM3\ARM_GCC_541\Debug\Game Piece Movement System.a(cyPm.o)
 .ARM.attributes
                0x00000263       0x21 .\CortexM3\ARM_GCC_541\Debug\Game Piece Movement System.a(CyBootAsmGnu.o)
 .ARM.attributes
                0x00000284       0x33 .\CortexM3\ARM_GCC_541\Debug\Game Piece Movement System.a(CyFlash.o)
 .ARM.attributes
                0x000002b7       0x33 .\CortexM3\ARM_GCC_541\Debug\Game Piece Movement System.a(CySpc.o)
 .ARM.attributes
                0x000002ea       0x2d c:/program files (x86)/cypress/psoc creator/4.4/psoc creator/import/gnu/arm/5.4.1/bin/../lib/gcc/arm-none-eabi/5.4.1/../../../../arm-none-eabi/lib/armv7-m\libm.a(lib_a-s_cos.o)
 .ARM.attributes
                0x00000317       0x2d c:/program files (x86)/cypress/psoc creator/4.4/psoc creator/import/gnu/arm/5.4.1/bin/../lib/gcc/arm-none-eabi/5.4.1/../../../../arm-none-eabi/lib/armv7-m\libm.a(lib_a-s_sin.o)
 .ARM.attributes
                0x00000344       0x2d c:/program files (x86)/cypress/psoc creator/4.4/psoc creator/import/gnu/arm/5.4.1/bin/../lib/gcc/arm-none-eabi/5.4.1/../../../../arm-none-eabi/lib/armv7-m\libm.a(lib_a-w_acos.o)
 .ARM.attributes
                0x00000371       0x2d c:/program files (x86)/cypress/psoc creator/4.4/psoc creator/import/gnu/arm/5.4.1/bin/../lib/gcc/arm-none-eabi/5.4.1/../../../../arm-none-eabi/lib/armv7-m\libm.a(lib_a-w_atan2.o)
 .ARM.attributes
                0x0000039e       0x2d c:/program files (x86)/cypress/psoc creator/4.4/psoc creator/import/gnu/arm/5.4.1/bin/../lib/gcc/arm-none-eabi/5.4.1/../../../../arm-none-eabi/lib/armv7-m\libm.a(lib_a-w_sqrt.o)
 .ARM.attributes
                0x000003cb       0x2d c:/program files (x86)/cypress/psoc creator/4.4/psoc creator/import/gnu/arm/5.4.1/bin/../lib/gcc/arm-none-eabi/5.4.1/../../../../arm-none-eabi/lib/armv7-m\libm.a(lib_a-e_acos.o)
 .ARM.attributes
                0x000003f8       0x2d c:/program files (x86)/cypress/psoc creator/4.4/psoc creator/import/gnu/arm/5.4.1/bin/../lib/gcc/arm-none-eabi/5.4.1/../../../../arm-none-eabi/lib/armv7-m\libm.a(lib_a-e_atan2.o)
 .ARM.attributes
                0x00000425       0x2d c:/program files (x86)/cypress/psoc creator/4.4/psoc creator/import/gnu/arm/5.4.1/bin/../lib/gcc/arm-none-eabi/5.4.1/../../../../arm-none-eabi/lib/armv7-m\libm.a(lib_a-e_rem_pio2.o)
 .ARM.attributes
                0x00000452       0x2d c:/program files (x86)/cypress/psoc creator/4.4/psoc creator/import/gnu/arm/5.4.1/bin/../lib/gcc/arm-none-eabi/5.4.1/../../../../arm-none-eabi/lib/armv7-m\libm.a(lib_a-e_sqrt.o)
 .ARM.attributes
                0x0000047f       0x2d c:/program files (x86)/cypress/psoc creator/4.4/psoc creator/import/gnu/arm/5.4.1/bin/../lib/gcc/arm-none-eabi/5.4.1/../../../../arm-none-eabi/lib/armv7-m\libm.a(lib_a-k_cos.o)
 .ARM.attributes
                0x000004ac       0x2d c:/program files (x86)/cypress/psoc creator/4.4/psoc creator/import/gnu/arm/5.4.1/bin/../lib/gcc/arm-none-eabi/5.4.1/../../../../arm-none-eabi/lib/armv7-m\libm.a(lib_a-k_rem_pio2.o)
 .ARM.attributes
                0x000004d9       0x2d c:/program files (x86)/cypress/psoc creator/4.4/psoc creator/import/gnu/arm/5.4.1/bin/../lib/gcc/arm-none-eabi/5.4.1/../../../../arm-none-eabi/lib/armv7-m\libm.a(lib_a-k_sin.o)
 .ARM.attributes
                0x00000506       0x2d c:/program files (x86)/cypress/psoc creator/4.4/psoc creator/import/gnu/arm/5.4.1/bin/../lib/gcc/arm-none-eabi/5.4.1/../../../../arm-none-eabi/lib/armv7-m\libm.a(lib_a-s_atan.o)
 .ARM.attributes
                0x00000533       0x2d c:/program files (x86)/cypress/psoc creator/4.4/psoc creator/import/gnu/arm/5.4.1/bin/../lib/gcc/arm-none-eabi/5.4.1/../../../../arm-none-eabi/lib/armv7-m\libm.a(lib_a-s_fabs.o)
 .ARM.attributes
                0x00000560       0x2d c:/program files (x86)/cypress/psoc creator/4.4/psoc creator/import/gnu/arm/5.4.1/bin/../lib/gcc/arm-none-eabi/5.4.1/../../../../arm-none-eabi/lib/armv7-m\libm.a(lib_a-s_floor.o)
 .ARM.attributes
                0x0000058d       0x2d c:/program files (x86)/cypress/psoc creator/4.4/psoc creator/import/gnu/arm/5.4.1/bin/../lib/gcc/arm-none-eabi/5.4.1/../../../../arm-none-eabi/lib/armv7-m\libm.a(lib_a-s_lib_ver.o)
 .ARM.attributes
                0x000005ba       0x2d c:/program files (x86)/cypress/psoc creator/4.4/psoc creator/import/gnu/arm/5.4.1/bin/../lib/gcc/arm-none-eabi/5.4.1/../../../../arm-none-eabi/lib/armv7-m\libm.a(lib_a-s_matherr.o)
 .ARM.attributes
                0x000005e7       0x2d c:/program files (x86)/cypress/psoc creator/4.4/psoc creator/import/gnu/arm/5.4.1/bin/../lib/gcc/arm-none-eabi/5.4.1/../../../../arm-none-eabi/lib/armv7-m\libm.a(lib_a-s_nan.o)
 .ARM.attributes
                0x00000614       0x2d c:/program files (x86)/cypress/psoc creator/4.4/psoc creator/import/gnu/arm/5.4.1/bin/../lib/gcc/arm-none-eabi/5.4.1/../../../../arm-none-eabi/lib/armv7-m\libm.a(lib_a-s_scalbn.o)
 .ARM.attributes
                0x00000641       0x2d c:/program files (x86)/cypress/psoc creator/4.4/psoc creator/import/gnu/arm/5.4.1/bin/../lib/gcc/arm-none-eabi/5.4.1/../../../../arm-none-eabi/lib/armv7-m\libm.a(lib_a-s_copysign.o)
 .ARM.attributes
                0x0000066e       0x1d c:/program files (x86)/cypress/psoc creator/4.4/psoc creator/import/gnu/arm/5.4.1/bin/../lib/gcc/arm-none-eabi/5.4.1/armv7-m\libgcc.a(_arm_addsubdf3.o)
 .ARM.attributes
                0x0000068b       0x1d c:/program files (x86)/cypress/psoc creator/4.4/psoc creator/import/gnu/arm/5.4.1/bin/../lib/gcc/arm-none-eabi/5.4.1/armv7-m\libgcc.a(_arm_muldivdf3.o)
 .ARM.attributes
                0x000006a8       0x1d c:/program files (x86)/cypress/psoc creator/4.4/psoc creator/import/gnu/arm/5.4.1/bin/../lib/gcc/arm-none-eabi/5.4.1/armv7-m\libgcc.a(_arm_cmpdf2.o)
 .ARM.attributes
                0x000006c5       0x1d c:/program files (x86)/cypress/psoc creator/4.4/psoc creator/import/gnu/arm/5.4.1/bin/../lib/gcc/arm-none-eabi/5.4.1/armv7-m\libgcc.a(_arm_unorddf2.o)
 .ARM.attributes
                0x000006e2       0x1d c:/program files (x86)/cypress/psoc creator/4.4/psoc creator/import/gnu/arm/5.4.1/bin/../lib/gcc/arm-none-eabi/5.4.1/armv7-m\libgcc.a(_arm_fixdfsi.o)
 .ARM.attributes
                0x000006ff       0x1d c:/program files (x86)/cypress/psoc creator/4.4/psoc creator/import/gnu/arm/5.4.1/bin/../lib/gcc/arm-none-eabi/5.4.1/armv7-m\libgcc.a(_arm_truncdfsf2.o)
 .ARM.attributes
                0x0000071c       0x1d c:/program files (x86)/cypress/psoc creator/4.4/psoc creator/import/gnu/arm/5.4.1/bin/../lib/gcc/arm-none-eabi/5.4.1/armv7-m\libgcc.a(_arm_addsubsf3.o)
 .ARM.attributes
                0x00000739       0x1d c:/program files (x86)/cypress/psoc creator/4.4/psoc creator/import/gnu/arm/5.4.1/bin/../lib/gcc/arm-none-eabi/5.4.1/armv7-m\libgcc.a(_arm_muldivsf3.o)
 .ARM.attributes
                0x00000756       0x1d c:/program files (x86)/cypress/psoc creator/4.4/psoc creator/import/gnu/arm/5.4.1/bin/../lib/gcc/arm-none-eabi/5.4.1/armv7-m\libgcc.a(_arm_fixunssfsi.o)
 .ARM.attributes
                0x00000773       0x2d c:/program files (x86)/cypress/psoc creator/4.4/psoc creator/import/gnu/arm/5.4.1/bin/../lib/gcc/arm-none-eabi/5.4.1/../../../../arm-none-eabi/lib/armv7-m\libg_nano.a(lib_a-errno.o)
 .ARM.attributes
                0x000007a0       0x2d c:/program files (x86)/cypress/psoc creator/4.4/psoc creator/import/gnu/arm/5.4.1/bin/../lib/gcc/arm-none-eabi/5.4.1/../../../../arm-none-eabi/lib/armv7-m\libg_nano.a(lib_a-exit.o)
 .ARM.attributes
                0x000007cd       0x2d c:/program files (x86)/cypress/psoc creator/4.4/psoc creator/import/gnu/arm/5.4.1/bin/../lib/gcc/arm-none-eabi/5.4.1/../../../../arm-none-eabi/lib/armv7-m\libg_nano.a(lib_a-impure.o)
 .ARM.attributes
                0x000007fa       0x2d c:/program files (x86)/cypress/psoc creator/4.4/psoc creator/import/gnu/arm/5.4.1/bin/../lib/gcc/arm-none-eabi/5.4.1/../../../../arm-none-eabi/lib/armv7-m\libg_nano.a(lib_a-init.o)
 .ARM.attributes
                0x00000827       0x2d c:/program files (x86)/cypress/psoc creator/4.4/psoc creator/import/gnu/arm/5.4.1/bin/../lib/gcc/arm-none-eabi/5.4.1/../../../../arm-none-eabi/lib/armv7-m\libg_nano.a(lib_a-memcpy-stub.o)
 .ARM.attributes
                0x00000854       0x2d c:/program files (x86)/cypress/psoc creator/4.4/psoc creator/import/gnu/arm/5.4.1/bin/../lib/gcc/arm-none-eabi/5.4.1/../../../../arm-none-eabi/lib/armv7-m\libg_nano.a(lib_a-memset.o)
 .ARM.attributes
                0x00000881       0x2d c:/program files (x86)/cypress/psoc creator/4.4/psoc creator/import/gnu/arm/5.4.1/bin/../lib/gcc/arm-none-eabi/5.4.1/armv7-m/crtend.o
 .ARM.attributes
                0x000008ae       0x1d c:/program files (x86)/cypress/psoc creator/4.4/psoc creator/import/gnu/arm/5.4.1/bin/../lib/gcc/arm-none-eabi/5.4.1/armv7-m/crtn.o

/DISCARD/
 *(.note.GNU-stack)
OUTPUT(C:\Users\Elijah\Documents\Checkers-Playing-Robot\Game Piece Movement System\Game Piece Movement System.cydsn\CortexM3\ARM_GCC_541\Debug\Game Piece Movement System.elf elf32-littlearm)
